Archive member included because of file (symbol)

..\..\..\..\bin\framework\peripheral\PIC32MX795F512L_peripherals.a(peripheral.o)
                              build/default/production/_ext/1360937237/control.o (PLIB_OC_PulseWidth16BitSet)

Optional file libmchp_peripheral.a not found

Optional file libmchp_peripheral_32MX795F512L.a not found
c:/program files (x86)/microchip/xc32/v1.42/bin/bin/../../lib/gcc/pic32mx/4.8.3\libgcc.a(floatunsisf.o)
                              build/default/production/_ext/1360937237/control.o (__floatunsisf)
c:/program files (x86)/microchip/xc32/v1.42/bin/bin/../../lib/gcc/pic32mx/4.8.3/../../../../pic32mx/lib\libpic32.a(memcmp.o)
                              build/default/production/_ext/1128951024/tasks.o (memcmp)
c:/program files (x86)/microchip/xc32/v1.42/bin/bin/../../lib/gcc/pic32mx/4.8.3/../../../../pic32mx/lib\libpic32.a(memcpy.o)
                              build/default/production/_ext/1128951024/queue.o (memcpy)
c:/program files (x86)/microchip/xc32/v1.42/bin/bin/../../lib/gcc/pic32mx/4.8.3/../../../../pic32mx/lib\libpic32.a(memset.o)
                              build/default/production/_ext/1128951024/tasks.o (memset)
c:/program files (x86)/microchip/xc32/v1.42/bin/bin/../../lib/gcc/pic32mx/4.8.3/../../../../pic32mx/lib\libpic32.a(default-bootstrap-exception-handler.o)
                              c:/program files (x86)/microchip/xc32/v1.42/bin/bin/../../lib/gcc/pic32mx/4.8.3/../../../../pic32mx/lib/./proc/32MX795F512L/crt0_mips32r2.o (_bootstrap_exception_handler)
c:/program files (x86)/microchip/xc32/v1.42/bin/bin/../../lib/gcc/pic32mx/4.8.3/../../../../pic32mx/lib\libpic32.a(default-on-reset.o)
                              c:/program files (x86)/microchip/xc32/v1.42/bin/bin/../../lib/gcc/pic32mx/4.8.3/../../../../pic32mx/lib/./proc/32MX795F512L/crt0_mips32r2.o (_on_reset)
c:/program files (x86)/microchip/xc32/v1.42/bin/bin/../../lib/gcc/pic32mx/4.8.3/../../../../pic32mx/lib\libpic32.a(default-on-bootstrap.o)
                              c:/program files (x86)/microchip/xc32/v1.42/bin/bin/../../lib/gcc/pic32mx/4.8.3/../../../../pic32mx/lib/./proc/32MX795F512L/crt0_mips32r2.o (_on_bootstrap)
c:/program files (x86)/microchip/xc32/v1.42/bin/bin/../../lib/gcc/pic32mx/4.8.3/../../../../pic32mx/lib\libpic32.a(default-nmi-handler.o)
                              c:/program files (x86)/microchip/xc32/v1.42/bin/bin/../../lib/gcc/pic32mx/4.8.3/../../../../pic32mx/lib/./proc/32MX795F512L/crt0_mips32r2.o (_nmi_handler)
c:/program files (x86)/microchip/xc32/v1.42/bin/bin/../../lib/gcc/pic32mx/4.8.3/../../../../pic32mx/lib\libpic32.a(general-exception.o)
                              c:/program files (x86)/microchip/xc32/v1.42/bin/bin/../../lib/gcc/pic32mx/4.8.3/../../../../pic32mx/lib/./proc/32MX795F512L/crt0_mips32r2.o (_general_exception_context)
c:/program files (x86)/microchip/xc32/v1.42/bin/bin/../../lib/gcc/pic32mx/4.8.3/../../../../pic32mx/lib\libpic32.a(vector0.o)
                              c:/program files (x86)/microchip/xc32/v1.42/bin/bin/../../lib/gcc/pic32mx/4.8.3/../../../../pic32mx/lib/./proc/32MX795F512L\default_isr_vectors.o (__vector_dispatch_0)
c:/program files (x86)/microchip/xc32/v1.42/bin/bin/../../lib/gcc/pic32mx/4.8.3/../../../../pic32mx/lib\libpic32.a(vector2.o)
                              c:/program files (x86)/microchip/xc32/v1.42/bin/bin/../../lib/gcc/pic32mx/4.8.3/../../../../pic32mx/lib/./proc/32MX795F512L\default_isr_vectors.o (__vector_dispatch_2)
c:/program files (x86)/microchip/xc32/v1.42/bin/bin/../../lib/gcc/pic32mx/4.8.3/../../../../pic32mx/lib\libpic32.a(vector5.o)
                              c:/program files (x86)/microchip/xc32/v1.42/bin/bin/../../lib/gcc/pic32mx/4.8.3/../../../../pic32mx/lib/./proc/32MX795F512L\default_isr_vectors.o (__vector_dispatch_5)
c:/program files (x86)/microchip/xc32/v1.42/bin/bin/../../lib/gcc/pic32mx/4.8.3/../../../../pic32mx/lib\libpic32.a(vector6.o)
                              c:/program files (x86)/microchip/xc32/v1.42/bin/bin/../../lib/gcc/pic32mx/4.8.3/../../../../pic32mx/lib/./proc/32MX795F512L\default_isr_vectors.o (__vector_dispatch_6)
c:/program files (x86)/microchip/xc32/v1.42/bin/bin/../../lib/gcc/pic32mx/4.8.3/../../../../pic32mx/lib\libpic32.a(vector8.o)
                              c:/program files (x86)/microchip/xc32/v1.42/bin/bin/../../lib/gcc/pic32mx/4.8.3/../../../../pic32mx/lib/./proc/32MX795F512L\default_isr_vectors.o (__vector_dispatch_8)
c:/program files (x86)/microchip/xc32/v1.42/bin/bin/../../lib/gcc/pic32mx/4.8.3/../../../../pic32mx/lib\libpic32.a(vector9.o)
                              c:/program files (x86)/microchip/xc32/v1.42/bin/bin/../../lib/gcc/pic32mx/4.8.3/../../../../pic32mx/lib/./proc/32MX795F512L\default_isr_vectors.o (__vector_dispatch_9)
c:/program files (x86)/microchip/xc32/v1.42/bin/bin/../../lib/gcc/pic32mx/4.8.3/../../../../pic32mx/lib\libpic32.a(vector10.o)
[...]
Memory Configuration

Name             Origin             Length             Attributes
kseg0_program_mem 0x9d000000         0x00080000         xr
kseg0_boot_mem   0x9fc00490         0x00000970
exception_mem    0x9fc01000         0x00001000
kseg1_boot_mem   0xbfc00000         0x00000490
debug_exec_mem   0xbfc02000         0x00000ff0
config3          0xbfc02ff0         0x00000004
config2          0xbfc02ff4         0x00000004
config1          0xbfc02ff8         0x00000004
config0          0xbfc02ffc         0x00000004
kseg1_data_mem   0xa0000000         0x00020000         w !x
sfrs             0xbf800000         0x00100000
configsfrs       0xbfc02ff0         0x00000010
*default*        0x00000000         0xffffffff

Linker script and memory map

LOAD c:/program files (x86)/microchip/xc32/v1.42/bin/bin/../../lib/gcc/pic32mx/4.8.3/../../../../pic32mx/lib/./proc/32MX795F512L/crt0_mips32r2.o
LOAD c:/program files (x86)/microchip/xc32/v1.42/bin/bin/../../lib/gcc/pic32mx/4.8.3/../../../../pic32mx/lib\debug-exception-return.o
LOAD build/default/production/_ext/1047219354/drv_oc_static.o
LOAD build/default/production/_ext/1407244131/drv_tmr_static.o
LOAD build/default/production/_ext/639803181/sys_clk_static.o
LOAD build/default/production/_ext/822048611/sys_ports_static.o
LOAD build/default/production/_ext/1688732426/system_init.o
LOAD build/default/production/_ext/1688732426/system_interrupt.o
LOAD build/default/production/_ext/1688732426/system_exceptions.o
LOAD build/default/production/_ext/1688732426/system_tasks.o
LOAD build/default/production/_ext/1688732426/system_interrupt_a.o
LOAD build/default/production/_ext/1688732426/rtos_hooks.o
LOAD build/default/production/_ext/1360937237/control.o
LOAD build/default/production/_ext/1360937237/communication.o
LOAD build/default/production/_ext/1360937237/main.o
LOAD build/default/production/_ext/1360937237/debug.o
LOAD build/default/production/_ext/1360937237/ahrs.o
LOAD build/default/production/_ext/1360937237/i2c.o
LOAD build/default/production/_ext/280795049/drv_i2c.o
LOAD build/default/production/_ext/260586732/drv_usart.o
LOAD build/default/production/_ext/260586732/drv_usart_buffer_queue.o
LOAD build/default/production/_ext/24337685/osal_freertos.o
LOAD build/default/production/_ext/1271179505/sys_devcon.o
LOAD build/default/production/_ext/1271179505/sys_devcon_pic32mx.o
LOAD build/default/production/_ext/122796885/sys_int_pic32.o
LOAD build/default/production/_ext/77319752/sys_ports.o
LOAD build/default/production/_ext/1856876499/heap_1.o
LOAD build/default/production/_ext/12131622/port.o
LOAD build/default/production/_ext/12131622/port_asm.o
LOAD build/default/production/_ext/1128951024/croutine.o
LOAD build/default/production/_ext/1128951024/list.o
LOAD build/default/production/_ext/1128951024/queue.o
LOAD build/default/production/_ext/1128951024/tasks.o
LOAD build/default/production/_ext/1128951024/timers.o
LOAD build/default/production/_ext/1128951024/event_groups.o
LOAD ..\..\..\..\bin\framework\peripheral\PIC32MX795F512L_peripherals.a
                0x00000001                __MPLAB_BUILD = 0x1
                0x00000000                _min_heap_size = 0x0
LOAD c:/program files (x86)/microchip/xc32/v1.42/bin/bin/../../lib/gcc/pic32mx/4.8.3/../../../../pic32mx/lib/./proc/32MX795F512L\default_isr_vectors.o
LOAD c:/program files (x86)/microchip/xc32/v1.42/bin/bin/../../lib/gcc/pic32mx/4.8.3/../../../../pic32mx/lib\pic32_software_reset.o
                0x00000400                PROVIDE (_min_stack_size, 0x400)
LOAD c:/program files (x86)/microchip/xc32/v1.42/bin/bin/../../lib/gcc/pic32mx/4.8.3/../../../../pic32mx/lib/./proc/32MX795F512L\processor.o
START GROUP
LOAD libmchp_peripheral.a
END GROUP
START GROUP
LOAD libmchp_peripheral_32MX795F512L.a
END GROUP
                0x00000001                PROVIDE (_vector_spacing, 0x1)
                0x9fc01000                PROVIDE (_ebase_address, 0x9fc01000)
                0xbfc00000                _RESET_ADDR = 0xbfc00000
                0xbfc00380                _BEV_EXCPT_ADDR = 0xbfc00380
                0xbfc00480                _DBG_EXCPT_ADDR = 0xbfc00480
                0xbfc02000                _DBG_CODE_ADDR = 0xbfc02000
                0x00000ff0                _DBG_CODE_SIZE = 0xff0
                0x9fc01180                _GEN_EXCPT_ADDR = (_ebase_address + 0x180)

.config_BFC02FF0
                0xbfc02ff0        0x4
 *(.config_BFC02FF0)
 .config_BFC02FF0
                0xbfc02ff0        0x4 build/default/production/_ext/1688732426/system_init.o

.config_BFC02FF4
                0xbfc02ff4        0x4
 *(.config_BFC02FF4)
 .config_BFC02FF4
                0xbfc02ff4        0x4 build/default/production/_ext/1688732426/system_init.o

.config_BFC02FF8
                0xbfc02ff8        0x4
 *(.config_BFC02FF8)
 .config_BFC02FF8
                0xbfc02ff8        0x4 build/default/production/_ext/1688732426/system_init.o

.config_BFC02FFC
                0xbfc02ffc        0x4
 *(.config_BFC02FFC)
 .config_BFC02FFC
                0xbfc02ffc        0x4 build/default/production/_ext/1688732426/system_init.o
                0xbfc02000                PROVIDE (_DBG_CODE_ADDR, 0xbfc02000)
                0x00000ff0                PROVIDE (_DBG_CODE_SIZE, 0xff0)

.reset          0xbfc00000      0x208
 *(.reset)
 .reset         0xbfc00000        0x8 c:/program files (x86)/microchip/xc32/v1.42/bin/bin/../../lib/gcc/pic32mx/4.8.3/../../../../pic32mx/lib/./proc/32MX795F512L/crt0_mips32r2.o
                0xbfc00000                _reset
 *(.reset.startup)
 .reset.startup
                0xbfc00008      0x200 c:/program files (x86)/microchip/xc32/v1.42/bin/bin/../../lib/gcc/pic32mx/4.8.3/../../../../pic32mx/lib/./proc/32MX795F512L/crt0_mips32r2.o

.bev_excpt      0xbfc00380       0x10
 *(.bev_handler)
 .bev_handler   0xbfc00380       0x10 c:/program files (x86)/microchip/xc32/v1.42/bin/bin/../../lib/gcc/pic32mx/4.8.3/../../../../pic32mx/lib/./proc/32MX795F512L/crt0_mips32r2.o

.dbg_excpt      0xbfc00480        0x0
                0xbfc00480                . = (. + DEFINED (_DEBUGGER)?0x8:0x0)

.dbg_code       0xbfc02000        0x0
                0xbfc02000                . = (. + DEFINED (_DEBUGGER)?_DBG_CODE_SIZE:0x0)

.app_excpt      0x9fc01180       0x10
 *(.gen_handler)
 .gen_handler   0x9fc01180       0x10 c:/program files (x86)/microchip/xc32/v1.42/bin/bin/../../lib/gcc/pic32mx/4.8.3/../../../../pic32mx/lib/./proc/32MX795F512L/crt0_mips32r2.o

.vector_0       0x9fc01200        0x8
 *(.vector_0)
 .vector_0      0x9fc01200        0x8 c:/program files (x86)/microchip/xc32/v1.42/bin/bin/../../lib/gcc/pic32mx/4.8.3/../../../../pic32mx/lib\libpic32.a(vector0.o)
                0x9fc01200                __vector_dispatch_0
                0x00000001                ASSERT (((_vector_spacing == 0x0) || (SIZEOF (.vector_0) <= (_vector_spacing << 0x5))), function at exception vector 0 too large)

.vector_1       0x9fc01220        0x8
 *(.vector_1)
 .vector_1      0x9fc01220        0x8 build/default/production/_ext/12131622/port.o
                0x9fc01220                __vector_dispatch_1
                0x00000001                ASSERT (((_vector_spacing == 0x0) || (SIZEOF (.vector_1) <= (_vector_spacing << 0x5))), function at exception vector 1 too large)

.vector_2       0x9fc01240        0x8
 *(.vector_2)
 .vector_2      0x9fc01240        0x8 c:/program files (x86)/microchip/xc32/v1.42/bin/bin/../../lib/gcc/pic32mx/4.8.3/../../../../pic32mx/lib\libpic32.a(vector2.o)
                0x9fc01240                __vector_dispatch_2
                0x00000001                ASSERT (((_vector_spacing == 0x0) || (SIZEOF (.vector_2) <= (_vector_spacing << 0x5))), function at exception vector 2 too large)

.vector_3       0x9fc01260       0x10
 *(.vector_3)
 .vector_3      0x9fc01260       0x10 build/default/production/_ext/1688732426/system_interrupt_a.o
                0x9fc01260                __vector_dispatch_3
                0x00000001                ASSERT (((_vector_spacing == 0x0) || (SIZEOF (.vector_3) <= (_vector_spacing << 0x5))), function at exception vector 3 too large)

.vector_4       0x9fc01280        0x8
 *(.vector_4)
 .vector_4      0x9fc01280        0x8 build/default/production/_ext/12131622/port.o
                0x9fc01280                __vector_dispatch_4
                0x00000001                ASSERT (((_vector_spacing == 0x0) || (SIZEOF (.vector_4) <= (_vector_spacing << 0x5))), function at exception vector 4 too large)

.vector_5       0x9fc012a0        0x8
 *(.vector_5)
 .vector_5      0x9fc012a0        0x8 c:/program files (x86)/microchip/xc32/v1.42/bin/bin/../../lib/gcc/pic32mx/4.8.3/../../../../pic32mx/lib\libpic32.a(vector5.o)
                0x9fc012a0                __vector_dispatch_5
                0x00000001                ASSERT (((_vector_spacing == 0x0) || (SIZEOF (.vector_5) <= (_vector_spacing << 0x5))), function at exception vector 5 too large)

.vector_6       0x9fc012c0        0x8
 *(.vector_6)
 .vector_6      0x9fc012c0        0x8 c:/program files (x86)/microchip/xc32/v1.42/bin/bin/../../lib/gcc/pic32mx/4.8.3/../../../../pic32mx/lib\libpic32.a(vector6.o)
                0x9fc012c0                __vector_dispatch_6
                0x00000001                ASSERT (((_vector_spacing == 0x0) || (SIZEOF (.vector_6) <= (_vector_spacing << 0x5))), function at exception vector 6 too large)

.vector_7       0x9fc012e0       0x10
 *(.vector_7)
 .vector_7      0x9fc012e0       0x10 build/default/production/_ext/1688732426/system_interrupt_a.o
                0x9fc012e0                __vector_dispatch_7
                0x00000001                ASSERT (((_vector_spacing == 0x0) || (SIZEOF (.vector_7) <= (_vector_spacing << 0x5))), function at exception vector 7 too large)

.vector_8       0x9fc01300        0x8
 *(.vector_8)
 .vector_8      0x9fc01300        0x8 c:/program files (x86)/microchip/xc32/v1.42/bin/bin/../../lib/gcc/pic32mx/4.8.3/../../../../pic32mx/lib\libpic32.a(vector8.o)
                0x9fc01300                __vector_dispatch_8
                0x00000001                ASSERT (((_vector_spacing == 0x0) || (SIZEOF (.vector_8) <= (_vector_spacing << 0x5))), function at exception vector 8 too large)

.vector_9       0x9fc01320        0x8
 *(.vector_9)
 .vector_9      0x9fc01320        0x8 c:/program files (x86)/microchip/xc32/v1.42/bin/bin/../../lib/gcc/pic32mx/4.8.3/../../../../pic32mx/lib\libpic32.a(vector9.o)
                0x9fc01320                __vector_dispatch_9
                0x00000001                ASSERT (((_vector_spacing == 0x0) || (SIZEOF (.vector_9) <= (_vector_spacing << 0x5))), function at exception vector 9 too large)

.vector_10      0x9fc01340        0x8
 *(.vector_10)
 .vector_10     0x9fc01340        0x8 c:/program files (x86)/microchip/xc32/v1.42/bin/bin/../../lib/gcc/pic32mx/4.8.3/../../../../pic32mx/lib\libpic32.a(vector10.o)
                0x9fc01340                __vector_dispatch_10
                0x00000001                ASSERT (((_vector_spacing == 0x0) || (SIZEOF (.vector_10) <= (_vector_spacing << 0x5))), function at exception vector 10 too large)

.vector_11      0x9fc01360       0x10
 *(.vector_11)
 .vector_11     0x9fc01360       0x10 build/default/production/_ext/1688732426/system_interrupt_a.o
                0x9fc01360                __vector_dispatch_11
                0x00000001                ASSERT (((_vector_spacing == 0x0) || (SIZEOF (.vector_11) <= (_vector_spacing << 0x5))), function at exception vector 11 too large)

.vector_12      0x9fc01380        0x8
 *(.vector_12)
 .vector_12     0x9fc01380        0x8 c:/program files (x86)/microchip/xc32/v1.42/bin/bin/../../lib/gcc/pic32mx/4.8.3/../../../../pic32mx/lib\libpic32.a(vector12.o)
                0x9fc01380                __vector_dispatch_12
                0x00000001                ASSERT (((_vector_spacing == 0x0) || (SIZEOF (.vector_12) <= (_vector_spacing << 0x5))), function at exception vector 12 too large)

.vector_13      0x9fc013a0        0x8
 *(.vector_13)
 .vector_13     0x9fc013a0        0x8 c:/program files (x86)/microchip/xc32/v1.42/bin/bin/../../lib/gcc/pic32mx/4.8.3/../../../../pic32mx/lib\libpic32.a(vector13.o)
                0x9fc013a0                __vector_dispatch_13
                0x00000001                ASSERT (((_vector_spacing == 0x0) || (SIZEOF (.vector_13) <= (_vector_spacing << 0x5))), function at exception vector 13 too large)

.vector_14      0x9fc013c0        0x8
 *(.vector_14)
 .vector_14     0x9fc013c0        0x8 c:/program files (x86)/microchip/xc32/v1.42/bin/bin/../../lib/gcc/pic32mx/4.8.3/../../../../pic32mx/lib\libpic32.a(vector14.o)
                0x9fc013c0                __vector_dispatch_14
                0x00000001                ASSERT (((_vector_spacing == 0x0) || (SIZEOF (.vector_14) <= (_vector_spacing << 0x5))), function at exception vector 14 too large)

.vector_15      0x9fc013e0       0x10
 *(.vector_15)
 .vector_15     0x9fc013e0       0x10 build/default/production/_ext/1688732426/system_interrupt_a.o
                0x9fc013e0                __vector_dispatch_15
                0x00000001                ASSERT (((_vector_spacing == 0x0) || (SIZEOF (.vector_15) <= (_vector_spacing << 0x5))), function at exception vector 15 too large)

.vector_16      0x9fc01400        0x8
 *(.vector_16)
 .vector_16     0x9fc01400        0x8 c:/program files (x86)/microchip/xc32/v1.42/bin/bin/../../lib/gcc/pic32mx/4.8.3/../../../../pic32mx/lib\libpic32.a(vector16.o)
                0x9fc01400                __vector_dispatch_16
                0x00000001                ASSERT (((_vector_spacing == 0x0) || (SIZEOF (.vector_16) <= (_vector_spacing << 0x5))), function at exception vector 16 too large)

.vector_17      0x9fc01420        0x8
 *(.vector_17)
 .vector_17     0x9fc01420        0x8 c:/program files (x86)/microchip/xc32/v1.42/bin/bin/../../lib/gcc/pic32mx/4.8.3/../../../../pic32mx/lib\libpic32.a(vector17.o)
                0x9fc01420                __vector_dispatch_17
                0x00000001                ASSERT (((_vector_spacing == 0x0) || (SIZEOF (.vector_17) <= (_vector_spacing << 0x5))), function at exception vector 17 too large)

.vector_18      0x9fc01440        0x8
 *(.vector_18)
 .vector_18     0x9fc01440        0x8 c:/program files (x86)/microchip/xc32/v1.42/bin/bin/../../lib/gcc/pic32mx/4.8.3/../../../../pic32mx/lib\libpic32.a(vector18.o)
                0x9fc01440                __vector_dispatch_18
                0x00000001                ASSERT (((_vector_spacing == 0x0) || (SIZEOF (.vector_18) <= (_vector_spacing << 0x5))), function at exception vector 18 too large)

.vector_19      0x9fc01460        0x8
 *(.vector_19)
 .vector_19     0x9fc01460        0x8 c:/program files (x86)/microchip/xc32/v1.42/bin/bin/../../lib/gcc/pic32mx/4.8.3/../../../../pic32mx/lib\libpic32.a(vector19.o)
                0x9fc01460                __vector_dispatch_19
                0x00000001                ASSERT (((_vector_spacing == 0x0) || (SIZEOF (.vector_19) <= (_vector_spacing << 0x5))), function at exception vector 19 too large)

.vector_20      0x9fc01480        0x8
 *(.vector_20)
 .vector_20     0x9fc01480        0x8 c:/program files (x86)/microchip/xc32/v1.42/bin/bin/../../lib/gcc/pic32mx/4.8.3/../../../../pic32mx/lib\libpic32.a(vector20.o)
                0x9fc01480                __vector_dispatch_20
                0x00000001                ASSERT (((_vector_spacing == 0x0) || (SIZEOF (.vector_20) <= (_vector_spacing << 0x5))), function at exception vector 20 too large)

.vector_21      0x9fc014a0        0x8
 *(.vector_21)
 .vector_21     0x9fc014a0        0x8 c:/program files (x86)/microchip/xc32/v1.42/bin/bin/../../lib/gcc/pic32mx/4.8.3/../../../../pic32mx/lib\libpic32.a(vector21.o)
                0x9fc014a0                __vector_dispatch_21
                0x00000001                ASSERT (((_vector_spacing == 0x0) || (SIZEOF (.vector_21) <= (_vector_spacing << 0x5))), function at exception vector 21 too large)

.vector_22      0x9fc014c0        0x8
 *(.vector_22)
 .vector_22     0x9fc014c0        0x8 c:/program files (x86)/microchip/xc32/v1.42/bin/bin/../../lib/gcc/pic32mx/4.8.3/../../../../pic32mx/lib\libpic32.a(vector22.o)
                0x9fc014c0                __vector_dispatch_22
                0x00000001                ASSERT (((_vector_spacing == 0x0) || (SIZEOF (.vector_22) <= (_vector_spacing << 0x5))), function at exception vector 22 too large)

.vector_23      0x9fc014e0        0x8
 *(.vector_23)
 .vector_23     0x9fc014e0        0x8 c:/program files (x86)/microchip/xc32/v1.42/bin/bin/../../lib/gcc/pic32mx/4.8.3/../../../../pic32mx/lib\libpic32.a(vector23.o)
                0x9fc014e0                __vector_dispatch_23
                0x00000001                ASSERT (((_vector_spacing == 0x0) || (SIZEOF (.vector_23) <= (_vector_spacing << 0x5))), function at exception vector 23 too large)

.vector_24      0x9fc01500       0x10
 *(.vector_24)
 .vector_24     0x9fc01500       0x10 build/default/production/_ext/1688732426/system_interrupt_a.o
                0x9fc01500                __vector_dispatch_24
                0x00000001                ASSERT (((_vector_spacing == 0x0) || (SIZEOF (.vector_24) <= (_vector_spacing << 0x5))), function at exception vector 24 too large)

.vector_25      0x9fc01520        0x8
 *(.vector_25)
 .vector_25     0x9fc01520        0x8 c:/program files (x86)/microchip/xc32/v1.42/bin/bin/../../lib/gcc/pic32mx/4.8.3/../../../../pic32mx/lib\libpic32.a(vector25.o)
                0x9fc01520                __vector_dispatch_25
                0x00000001                ASSERT (((_vector_spacing == 0x0) || (SIZEOF (.vector_25) <= (_vector_spacing << 0x5))), function at exception vector 25 too large)

.vector_26      0x9fc01540        0x8
 *(.vector_26)
 .vector_26     0x9fc01540        0x8 c:/program files (x86)/microchip/xc32/v1.42/bin/bin/../../lib/gcc/pic32mx/4.8.3/../../../../pic32mx/lib\libpic32.a(vector26.o)
                0x9fc01540                __vector_dispatch_26
                0x00000001                ASSERT (((_vector_spacing == 0x0) || (SIZEOF (.vector_26) <= (_vector_spacing << 0x5))), function at exception vector 26 too large)

.vector_27      0x9fc01560        0x8
 *(.vector_27)
 .vector_27     0x9fc01560        0x8 c:/program files (x86)/microchip/xc32/v1.42/bin/bin/../../lib/gcc/pic32mx/4.8.3/../../../../pic32mx/lib\libpic32.a(vector27.o)
                0x9fc01560                __vector_dispatch_27
                0x00000001                ASSERT (((_vector_spacing == 0x0) || (SIZEOF (.vector_27) <= (_vector_spacing << 0x5))), function at exception vector 27 too large)

.vector_28      0x9fc01580        0x8
 *(.vector_28)
 .vector_28     0x9fc01580        0x8 c:/program files (x86)/microchip/xc32/v1.42/bin/bin/../../lib/gcc/pic32mx/4.8.3/../../../../pic32mx/lib\libpic32.a(vector28.o)
                0x9fc01580                __vector_dispatch_28
                0x00000001                ASSERT (((_vector_spacing == 0x0) || (SIZEOF (.vector_28) <= (_vector_spacing << 0x5))), function at exception vector 28 too large)

.vector_29      0x9fc015a0        0x8
 *(.vector_29)
 .vector_29     0x9fc015a0        0x8 c:/program files (x86)/microchip/xc32/v1.42/bin/bin/../../lib/gcc/pic32mx/4.8.3/../../../../pic32mx/lib\libpic32.a(vector29.o)
                0x9fc015a0                __vector_dispatch_29
                0x00000001                ASSERT (((_vector_spacing == 0x0) || (SIZEOF (.vector_29) <= (_vector_spacing << 0x5))), function at exception vector 29 too large)

.vector_30      0x9fc015c0        0x8
 *(.vector_30)
 .vector_30     0x9fc015c0        0x8 c:/program files (x86)/microchip/xc32/v1.42/bin/bin/../../lib/gcc/pic32mx/4.8.3/../../../../pic32mx/lib\libpic32.a(vector30.o)
                0x9fc015c0                __vector_dispatch_30
                0x00000001                ASSERT (((_vector_spacing == 0x0) || (SIZEOF (.vector_30) <= (_vector_spacing << 0x5))), function at exception vector 30 too large)

.vector_31      0x9fc015e0        0x8
 *(.vector_31)
 .vector_31     0x9fc015e0        0x8 c:/program files (x86)/microchip/xc32/v1.42/bin/bin/../../lib/gcc/pic32mx/4.8.3/../../../../pic32mx/lib\libpic32.a(vector31.o)
                0x9fc015e0                __vector_dispatch_31
                0x00000001                ASSERT (((_vector_spacing == 0x0) || (SIZEOF (.vector_31) <= (_vector_spacing << 0x5))), function at exception vector 31 too large)

.vector_32      0x9fc01600       0x10
 *(.vector_32)
 .vector_32     0x9fc01600       0x10 build/default/production/_ext/1688732426/system_interrupt_a.o
                0x9fc01600                __vector_dispatch_32
                0x00000001                ASSERT (((_vector_spacing == 0x0) || (SIZEOF (.vector_32) <= (_vector_spacing << 0x5))), function at exception vector 32 too large)

.vector_33      0x9fc01620       0x10
 *(.vector_33)
 .vector_33     0x9fc01620       0x10 build/default/production/_ext/1688732426/system_interrupt_a.o
                0x9fc01620                __vector_dispatch_33
                0x00000001                ASSERT (((_vector_spacing == 0x0) || (SIZEOF (.vector_33) <= (_vector_spacing << 0x5))), function at exception vector 33 too large)

.vector_34      0x9fc01640        0x8
 *(.vector_34)
 .vector_34     0x9fc01640        0x8 c:/program files (x86)/microchip/xc32/v1.42/bin/bin/../../lib/gcc/pic32mx/4.8.3/../../../../pic32mx/lib\libpic32.a(vector34.o)
                0x9fc01640                __vector_dispatch_34
                0x00000001                ASSERT (((_vector_spacing == 0x0) || (SIZEOF (.vector_34) <= (_vector_spacing << 0x5))), function at exception vector 34 too large)

.vector_35      0x9fc01660        0x8
 *(.vector_35)
 .vector_35     0x9fc01660        0x8 c:/program files (x86)/microchip/xc32/v1.42/bin/bin/../../lib/gcc/pic32mx/4.8.3/../../../../pic32mx/lib\libpic32.a(vector35.o)
                0x9fc01660                __vector_dispatch_35
                0x00000001                ASSERT (((_vector_spacing == 0x0) || (SIZEOF (.vector_35) <= (_vector_spacing << 0x5))), function at exception vector 35 too large)

.vector_36      0x9fc01680        0x8
 *(.vector_36)
 .vector_36     0x9fc01680        0x8 c:/program files (x86)/microchip/xc32/v1.42/bin/bin/../../lib/gcc/pic32mx/4.8.3/../../../../pic32mx/lib\libpic32.a(vector36.o)
                0x9fc01680                __vector_dispatch_36
                0x00000001                ASSERT (((_vector_spacing == 0x0) || (SIZEOF (.vector_36) <= (_vector_spacing << 0x5))), function at exception vector 36 too large)

.vector_37      0x9fc016a0        0x8
 *(.vector_37)
 .vector_37     0x9fc016a0        0x8 c:/program files (x86)/microchip/xc32/v1.42/bin/bin/../../lib/gcc/pic32mx/4.8.3/../../../../pic32mx/lib\libpic32.a(vector37.o)
                0x9fc016a0                __vector_dispatch_37
                0x00000001                ASSERT (((_vector_spacing == 0x0) || (SIZEOF (.vector_37) <= (_vector_spacing << 0x5))), function at exception vector 37 too large)

.vector_38      0x9fc016c0        0x8
 *(.vector_38)
 .vector_38     0x9fc016c0        0x8 c:/program files (x86)/microchip/xc32/v1.42/bin/bin/../../lib/gcc/pic32mx/4.8.3/../../../../pic32mx/lib\libpic32.a(vector38.o)
                0x9fc016c0                __vector_dispatch_38
                0x00000001                ASSERT (((_vector_spacing == 0x0) || (SIZEOF (.vector_38) <= (_vector_spacing << 0x5))), function at exception vector 38 too large)

.vector_39      0x9fc016e0        0x8
 *(.vector_39)
 .vector_39     0x9fc016e0        0x8 c:/program files (x86)/microchip/xc32/v1.42/bin/bin/../../lib/gcc/pic32mx/4.8.3/../../../../pic32mx/lib\libpic32.a(vector39.o)
                0x9fc016e0                __vector_dispatch_39
                0x00000001                ASSERT (((_vector_spacing == 0x0) || (SIZEOF (.vector_39) <= (_vector_spacing << 0x5))), function at exception vector 39 too large)

.vector_40      0x9fc01700        0x8
 *(.vector_40)
 .vector_40     0x9fc01700        0x8 c:/program files (x86)/microchip/xc32/v1.42/bin/bin/../../lib/gcc/pic32mx/4.8.3/../../../../pic32mx/lib\libpic32.a(vector40.o)
                0x9fc01700                __vector_dispatch_40
                0x00000001                ASSERT (((_vector_spacing == 0x0) || (SIZEOF (.vector_40) <= (_vector_spacing << 0x5))), function at exception vector 40 too large)

.vector_41      0x9fc01720        0x8
 *(.vector_41)
 .vector_41     0x9fc01720        0x8 c:/program files (x86)/microchip/xc32/v1.42/bin/bin/../../lib/gcc/pic32mx/4.8.3/../../../../pic32mx/lib\libpic32.a(vector41.o)
                0x9fc01720                __vector_dispatch_41
                0x00000001                ASSERT (((_vector_spacing == 0x0) || (SIZEOF (.vector_41) <= (_vector_spacing << 0x5))), function at exception vector 41 too large)

.vector_42      0x9fc01740        0x8
 *(.vector_42)
 .vector_42     0x9fc01740        0x8 c:/program files (x86)/microchip/xc32/v1.42/bin/bin/../../lib/gcc/pic32mx/4.8.3/../../../../pic32mx/lib\libpic32.a(vector42.o)
                0x9fc01740                __vector_dispatch_42
                0x00000001                ASSERT (((_vector_spacing == 0x0) || (SIZEOF (.vector_42) <= (_vector_spacing << 0x5))), function at exception vector 42 too large)

.vector_43      0x9fc01760        0x8
 *(.vector_43)
 .vector_43     0x9fc01760        0x8 c:/program files (x86)/microchip/xc32/v1.42/bin/bin/../../lib/gcc/pic32mx/4.8.3/../../../../pic32mx/lib\libpic32.a(vector43.o)
                0x9fc01760                __vector_dispatch_43
                0x00000001                ASSERT (((_vector_spacing == 0x0) || (SIZEOF (.vector_43) <= (_vector_spacing << 0x5))), function at exception vector 43 too large)

.vector_44      0x9fc01780        0x8
 *(.vector_44)
 .vector_44     0x9fc01780        0x8 c:/program files (x86)/microchip/xc32/v1.42/bin/bin/../../lib/gcc/pic32mx/4.8.3/../../../../pic32mx/lib\libpic32.a(vector44.o)
                0x9fc01780                __vector_dispatch_44
                0x00000001                ASSERT (((_vector_spacing == 0x0) || (SIZEOF (.vector_44) <= (_vector_spacing << 0x5))), function at exception vector 44 too large)

.vector_45      0x9fc017a0        0x8
 *(.vector_45)
 .vector_45     0x9fc017a0        0x8 c:/program files (x86)/microchip/xc32/v1.42/bin/bin/../../lib/gcc/pic32mx/4.8.3/../../../../pic32mx/lib\libpic32.a(vector45.o)
                0x9fc017a0                __vector_dispatch_45
                0x00000001                ASSERT (((_vector_spacing == 0x0) || (SIZEOF (.vector_45) <= (_vector_spacing << 0x5))), function at exception vector 45 too large)

.vector_46      0x9fc017c0        0x8
 *(.vector_46)
 .vector_46     0x9fc017c0        0x8 c:/program files (x86)/microchip/xc32/v1.42/bin/bin/../../lib/gcc/pic32mx/4.8.3/../../../../pic32mx/lib\libpic32.a(vector46.o)
                0x9fc017c0                __vector_dispatch_46
                0x00000001                ASSERT (((_vector_spacing == 0x0) || (SIZEOF (.vector_46) <= (_vector_spacing << 0x5))), function at exception vector 46 too large)

.vector_47      0x9fc017e0        0x8
 *(.vector_47)
 .vector_47     0x9fc017e0        0x8 c:/program files (x86)/microchip/xc32/v1.42/bin/bin/../../lib/gcc/pic32mx/4.8.3/../../../../pic32mx/lib\libpic32.a(vector47.o)
                0x9fc017e0                __vector_dispatch_47
                0x00000001                ASSERT (((_vector_spacing == 0x0) || (SIZEOF (.vector_47) <= (_vector_spacing << 0x5))), function at exception vector 47 too large)

.vector_48      0x9fc01800        0x8
 *(.vector_48)
 .vector_48     0x9fc01800        0x8 c:/program files (x86)/microchip/xc32/v1.42/bin/bin/../../lib/gcc/pic32mx/4.8.3/../../../../pic32mx/lib\libpic32.a(vector48.o)
                0x9fc01800                __vector_dispatch_48
                0x00000001                ASSERT (((_vector_spacing == 0x0) || (SIZEOF (.vector_48) <= (_vector_spacing << 0x5))), function at exception vector 48 too large)

.vector_49      0x9fc01820        0x8
 *(.vector_49)
 .vector_49     0x9fc01820        0x8 c:/program files (x86)/microchip/xc32/v1.42/bin/bin/../../lib/gcc/pic32mx/4.8.3/../../../../pic32mx/lib\libpic32.a(vector49.o)
                0x9fc01820                __vector_dispatch_49
                0x00000001                ASSERT (((_vector_spacing == 0x0) || (SIZEOF (.vector_49) <= (_vector_spacing << 0x5))), function at exception vector 49 too large)

.vector_50      0x9fc01840        0x8
 *(.vector_50)
 .vector_50     0x9fc01840        0x8 c:/program files (x86)/microchip/xc32/v1.42/bin/bin/../../lib/gcc/pic32mx/4.8.3/../../../../pic32mx/lib\libpic32.a(vector50.o)
                0x9fc01840                __vector_dispatch_50
                0x00000001                ASSERT (((_vector_spacing == 0x0) || (SIZEOF (.vector_50) <= (_vector_spacing << 0x5))), function at exception vector 50 too large)

.vector_51      0x9fc01860        0x8
 *(.vector_51)
 .vector_51     0x9fc01860        0x8 c:/program files (x86)/microchip/xc32/v1.42/bin/bin/../../lib/gcc/pic32mx/4.8.3/../../../../pic32mx/lib\libpic32.a(vector51.o)
                0x9fc01860                __vector_dispatch_51
                0x00000001                ASSERT (((_vector_spacing == 0x0) || (SIZEOF (.vector_51) <= (_vector_spacing << 0x5))), function at exception vector 51 too large)

.vector_52      0x9fc01880        0x0
 *(.vector_52)
                0x00000001                ASSERT (((_vector_spacing == 0x0) || (SIZEOF (.vector_52) <= (_vector_spacing << 0x5))), function at exception vector 52 too large)

.vector_53      0x9fc018a0        0x0
 *(.vector_53)
                0x00000001                ASSERT (((_vector_spacing == 0x0) || (SIZEOF (.vector_53) <= (_vector_spacing << 0x5))), function at exception vector 53 too large)

.vector_54      0x9fc018c0        0x0
 *(.vector_54)
                0x00000001                ASSERT (((_vector_spacing == 0x0) || (SIZEOF (.vector_54) <= (_vector_spacing << 0x5))), function at exception vector 54 too large)

.vector_55      0x9fc018e0        0x0
 *(.vector_55)
                0x00000001                ASSERT (((_vector_spacing == 0x0) || (SIZEOF (.vector_55) <= (_vector_spacing << 0x5))), function at exception vector 55 too large)

.vector_56      0x9fc01900        0x0
 *(.vector_56)
                0x00000001                ASSERT (((_vector_spacing == 0x0) || (SIZEOF (.vector_56) <= (_vector_spacing << 0x5))), function at exception vector 56 too large)

.vector_57      0x9fc01920        0x0
 *(.vector_57)
                0x00000001                ASSERT (((_vector_spacing == 0x0) || (SIZEOF (.vector_57) <= (_vector_spacing << 0x5))), function at exception vector 57 too large)

.vector_58      0x9fc01940        0x0
 *(.vector_58)
                0x00000001                ASSERT (((_vector_spacing == 0x0) || (SIZEOF (.vector_58) <= (_vector_spacing << 0x5))), function at exception vector 58 too large)

.vector_59      0x9fc01960        0x0
 *(.vector_59)
                0x00000001                ASSERT (((_vector_spacing == 0x0) || (SIZEOF (.vector_59) <= (_vector_spacing << 0x5))), function at exception vector 59 too large)

.vector_60      0x9fc01980        0x0
 *(.vector_60)
                0x00000001                ASSERT (((_vector_spacing == 0x0) || (SIZEOF (.vector_60) <= (_vector_spacing << 0x5))), function at exception vector 60 too large)

.vector_61      0x9fc019a0        0x0
 *(.vector_61)
                0x00000001                ASSERT (((_vector_spacing == 0x0) || (SIZEOF (.vector_61) <= (_vector_spacing << 0x5))), function at exception vector 61 too large)

.vector_62      0x9fc019c0        0x0
 *(.vector_62)
                0x00000001                ASSERT (((_vector_spacing == 0x0) || (SIZEOF (.vector_62) <= (_vector_spacing << 0x5))), function at exception vector 62 too large)

.vector_63      0x9fc019e0        0x0
 *(.vector_63)
                0x00000001                ASSERT (((_vector_spacing == 0x0) || (SIZEOF (.vector_63) <= (_vector_spacing << 0x5))), function at exception vector 63 too large)

.startup
 *(.startup)

.text           0x9d000000        0x0
 *(.stub .gnu.linkonce.t.*)
 *(.text.*personality*)
 *(.mips16.fn.*)
 *(.mips16.call.*)
 *(.gnu.warning)
                0x9d000000                . = ALIGN (0x4)

.init           0x9d000000        0x0
 *crti.o(.init)
 *crtbegin.o(.init)
 *(EXCLUDE_FILE(*crtn.o *crtend?.o *crtend.o) .init)
 *crtend.o(.init)
 *crtn.o(.init)
                0x9d000000                . = ALIGN (0x4)

.fini           0x9d000000        0x0
 *(.fini)
                0x9d000000                . = ALIGN (0x4)

.preinit_array  0x9d000000        0x0
                0x9d000000                PROVIDE (__preinit_array_start, .)
 *(.preinit_array)
                0x9d000000                PROVIDE (__preinit_array_end, .)
                0x9d000000                . = ALIGN (0x4)

.init_array     0x9d000000        0x0
                0x9d000000                PROVIDE (__init_array_start, .)
 *(SORT(.init_array.*))
 *(.init_array)
                0x9d000000                PROVIDE (__init_array_end, .)
                0x9d000000                . = ALIGN (0x4)

.fini_array     0x9d000000        0x0
                0x9d000000                PROVIDE (__fini_array_start, .)
 *(SORT(.fini_array.*))
 *(.fini_array)
                0x9d000000                PROVIDE (__fini_array_end, .)
                0x9d000000                . = ALIGN (0x4)

.ctors          0x9d000000        0x0
 *crtbegin.o(.ctors)
 *crtbegin?.o(.ctors)
 *(EXCLUDE_FILE(*crtend?.o *crtend.o) .ctors)
 *(SORT(.ctors.*))
 *(.ctors)
                0x9d000000                . = ALIGN (0x4)

.dtors          0x9d000000        0x0
 *crtbegin.o(.dtors)
 *crtbegin?.o(.dtors)
 *(EXCLUDE_FILE(*crtend?.o *crtend.o) .dtors)
 *(SORT(.dtors.*))
 *(.dtors)
                0x9d000000                . = ALIGN (0x4)

.rodata         0x9d000000        0x0
 *(.gnu.linkonce.r.*)
 *(.rodata1)
                0x9d000000                . = ALIGN (0x4)

.sdata2         0x9fc00490        0x0
 *(.sdata2 .sdata2.* .gnu.linkonce.s2.*)
                0x9fc00490                . = ALIGN (0x4)

.sbss2          0x9fc00490        0x0
 *(.sbss2 .sbss2.* .gnu.linkonce.sb2.*)
                0x9fc00490                . = ALIGN (0x4)

.eh_frame_hdr
 *(.eh_frame_hdr)
                0x9fc00490                . = ALIGN (0x4)

.eh_frame
 *(.eh_frame)
                0x9fc00490                . = ALIGN (0x4)

.gcc_except_table
 *(.gcc_except_table .gcc_except_table.*)
                0x9fc00490                . = ALIGN (0x4)

.dbg_data       0xa0000000        0x0
                0xa0000000                . = (. + DEFINED (_DEBUGGER)?0x200:0x0)

.jcr            0xa0000000        0x0
 *(.jcr)
                0xa0000000                . = ALIGN (0x4)

.eh_frame
 *(.eh_frame)
                0xa0000000                . = ALIGN (0x4)

.gcc_except_table
 *(.gcc_except_table .gcc_except_table.*)
                0xa0000000                . = ALIGN (0x4)

.persist        0xa0000000        0x0
                0xa0000000                _persist_begin = .
 *(.persist .persist.*)
 *(.pbss .pbss.*)
                0xa0000000                . = ALIGN (0x4)
                0xa0000000                _persist_end = .

.data           0xa0000000        0x0
 *(.gnu.linkonce.d.*)
 *(.data1)
                0xa0000000                . = ALIGN (0x4)
                0xa0000000                . = .
                0xa0007ff0                _gp = (ALIGN (0x10) + 0x7ff0)

.got            0xa0000000        0x0
 *(.got.plt)
 *(.got)
                0xa0000000                . = ALIGN (0x4)

.sdata          0xa0000000        0x8
                0xa0000000                _sdata_begin = .
 *(.sdata .sdata.* .gnu.linkonce.s.*)
 .sdata         0xa0000000        0x4 build/default/production/_ext/12131622/port.o
                0xa0000000                uxInterruptNesting
 .sdata         0xa0000004        0x4 build/default/production/_ext/1128951024/tasks.o
                0xa0000008                . = ALIGN (0x4)
                0xa0000008                _sdata_end = .

.lit8
 *(.lit8)

.lit4
 *(.lit4)
                0xa0000008                . = ALIGN (0x4)
                0xa0000008                _data_end = .
                0xa0000008                _bss_begin = .

.sbss           0xa0000008       0x78
                0xa0000008                _sbss_begin = .
 *(.dynsbss)
 *(.sbss .sbss.* .gnu.linkonce.sb.*)
 .sbss          0xa0000008        0xc build/default/production/_ext/1688732426/system_exceptions.o
 .sbss          0xa0000014        0x4 build/default/production/_ext/280795049/drv_i2c.o
 .sbss          0xa0000018        0x2 build/default/production/_ext/260586732/drv_usart_buffer_queue.o
 *fill*         0xa000001a        0x2 
 .sbss          0xa000001c        0x8 build/default/production/_ext/1856876499/heap_1.o
 .sbss          0xa0000024        0x4 build/default/production/_ext/12131622/port.o
                0xa0000024                uxSavedTaskStackPointer
 .sbss          0xa0000028       0x34 build/default/production/_ext/1128951024/tasks.o
                0xa0000058                pxCurrentTCB
 .sbss          0xa000005c       0x10 build/default/production/_ext/1128951024/timers.o
 .sbss          0xa000006c        0x4 c:/program files (x86)/microchip/xc32/v1.42/bin/bin/../../lib/gcc/pic32mx/4.8.3/../../../../pic32mx/lib\liblega-c.a(errno.o)
                0xa000006c                errno
 *(.scommon)
 .scommon       0xa0000070        0x8 build/default/production/_ext/1271179505/sys_devcon.o
                0xa0000070                sysDevconObj
 .scommon       0xa0000078        0x8 ..\..\..\..\bin\framework\peripheral\PIC32MX795F512L_peripherals.a(peripheral.o)
                0xa0000078                BDT_ENTRY
                0xa0000080                _sbss_end = .
                0xa0000080                . = ALIGN (0x4)

.bss            0xa0000080      0x6e0
 *(.dynbss)
 *(COMMON)
 COMMON         0xa0000080       0x14 build/default/production/_ext/1688732426/system_init.o
                0xa0000080                sysObj
 COMMON         0xa0000094       0xf0 build/default/production/_ext/1360937237/control.o
                0xa0000094                control_data
 COMMON         0xa0000184       0x8c build/default/production/_ext/1360937237/communication.o
                0xa0000184                communication_data
 COMMON         0xa0000210       0xd4 build/default/production/_ext/1360937237/ahrs.o
                0xa0000210                ahrs_data
 COMMON         0xa00002e4       0x68 build/default/production/_ext/1360937237/i2c.o
                0xa00002e4                i2c_data
 COMMON         0xa000034c      0x144 build/default/production/_ext/260586732/drv_usart.o
                0xa000034c                gDrvUSARTCommonDataObj
                0xa0000358                gDrvUSARTClientObj
                0xa00003e8                gDrvUSARTObj
 COMMON         0xa0000490      0x2d0 build/default/production/_ext/260586732/drv_usart_buffer_queue.o
                0xa0000490                gDrvUSARTBufferObj
                0xa0000760                . = ALIGN ((. != 0x0)?0x4:0x1)
                0xa0000760                . = ALIGN (0x4)
                0xa0000760                _end = .
                0xa0000760                _bss_end = .
                0x00020000                _bmxdudba_address = 0x20000
                0x00020000                _bmxdupba_address = 0x20000

/DISCARD/
 *(.pdr)
 *(.rel.dyn)
 *(.note.GNU-stack)
 *(.note.GNU-stack)
 *(.gnu_debuglink)
 *(.gnu.lto_*)
 *(.discard)

.gptab.sdata
 *(.gptab.data)
 *(.gptab.sdata)

.gptab.sbss
 *(.gptab.bss)
 *(.gptab.sbss)

.mdebug.abi32   0xa0000760        0x0
 *(.mdebug.abi32)
 .mdebug.abi32  0xa0000760        0x0 build/default/production/_ext/1047219354/drv_oc_static.o
 .mdebug.abi32  0xa0000760        0x0 build/default/production/_ext/1407244131/drv_tmr_static.o
 .mdebug.abi32  0xa0000760        0x0 build/default/production/_ext/639803181/sys_clk_static.o
 .mdebug.abi32  0xa0000760        0x0 build/default/production/_ext/822048611/sys_ports_static.o
 .mdebug.abi32  0xa0000760        0x0 build/default/production/_ext/1688732426/system_init.o
 .mdebug.abi32  0xa0000760        0x0 build/default/production/_ext/1688732426/system_interrupt.o
 .mdebug.abi32  0xa0000760        0x0 build/default/production/_ext/1688732426/system_exceptions.o
 .mdebug.abi32  0xa0000760        0x0 build/default/production/_ext/1688732426/system_tasks.o
 .mdebug.abi32  0xa0000760        0x0 build/default/production/_ext/1688732426/rtos_hooks.o
 .mdebug.abi32  0xa0000760        0x0 build/default/production/_ext/1360937237/control.o
 .mdebug.abi32  0xa0000760        0x0 build/default/production/_ext/1360937237/communication.o
 .mdebug.abi32  0xa0000760        0x0 build/default/production/_ext/1360937237/main.o
 .mdebug.abi32  0xa0000760        0x0 build/default/production/_ext/1360937237/debug.o
 .mdebug.abi32  0xa0000760        0x0 build/default/production/_ext/1360937237/ahrs.o
 .mdebug.abi32  0xa0000760        0x0 build/default/production/_ext/1360937237/i2c.o
 .mdebug.abi32  0xa0000760        0x0 build/default/production/_ext/280795049/drv_i2c.o
 .mdebug.abi32  0xa0000760        0x0 build/default/production/_ext/260586732/drv_usart.o
 .mdebug.abi32  0xa0000760        0x0 build/default/production/_ext/260586732/drv_usart_buffer_queue.o
 .mdebug.abi32  0xa0000760        0x0 build/default/production/_ext/24337685/osal_freertos.o
 .mdebug.abi32  0xa0000760        0x0 build/default/production/_ext/1271179505/sys_devcon.o
 .mdebug.abi32  0xa0000760        0x0 build/default/production/_ext/1271179505/sys_devcon_pic32mx.o
 .mdebug.abi32  0xa0000760        0x0 build/default/production/_ext/122796885/sys_int_pic32.o
 .mdebug.abi32  0xa0000760        0x0 build/default/production/_ext/77319752/sys_ports.o
 .mdebug.abi32  0xa0000760        0x0 build/default/production/_ext/1856876499/heap_1.o
 .mdebug.abi32  0xa0000760        0x0 build/default/production/_ext/12131622/port.o
 .mdebug.abi32  0xa0000760        0x0 build/default/production/_ext/1128951024/croutine.o
 .mdebug.abi32  0xa0000760        0x0 build/default/production/_ext/1128951024/list.o
 .mdebug.abi32  0xa0000760        0x0 build/default/production/_ext/1128951024/queue.o
 .mdebug.abi32  0xa0000760        0x0 build/default/production/_ext/1128951024/tasks.o
 .mdebug.abi32  0xa0000760        0x0 build/default/production/_ext/1128951024/timers.o
 .mdebug.abi32  0xa0000760        0x0 build/default/production/_ext/1128951024/event_groups.o
 .mdebug.abi32  0xa0000760        0x0 ..\..\..\..\bin\framework\peripheral\PIC32MX795F512L_peripherals.a(peripheral.o)
 .mdebug.abi32  0xa0000760        0x0 c:/program files (x86)/microchip/xc32/v1.42/bin/bin/../../lib/gcc/pic32mx/4.8.3\libgcc.a(floatunsisf.o)
 .mdebug.abi32  0xa0000760        0x0 c:/program files (x86)/microchip/xc32/v1.42/bin/bin/../../lib/gcc/pic32mx/4.8.3/../../../../pic32mx/lib\libpic32.a(default-bootstrap-exception-handler.o)
 .mdebug.abi32  0xa0000760        0x0 c:/program files (x86)/microchip/xc32/v1.42/bin/bin/../../lib/gcc/pic32mx/4.8.3/../../../../pic32mx/lib\libpic32.a(default-on-reset.o)
 .mdebug.abi32  0xa0000760        0x0 c:/program files (x86)/microchip/xc32/v1.42/bin/bin/../../lib/gcc/pic32mx/4.8.3/../../../../pic32mx/lib\libpic32.a(default-on-bootstrap.o)
 .mdebug.abi32  0xa0000760        0x0 c:/program files (x86)/microchip/xc32/v1.42/bin/bin/../../lib/gcc/pic32mx/4.8.3/../../../../pic32mx/lib\libpic32.a(defaultinterrupt.o)
 .mdebug.abi32  0xa0000760        0x0 c:/program files (x86)/microchip/xc32/v1.42/bin/bin/../../lib/gcc/pic32mx/4.8.3/../../../../pic32mx/lib\libm.a(w_logf.o)
 .mdebug.abi32  0xa0000760        0x0 c:/program files (x86)/microchip/xc32/v1.42/bin/bin/../../lib/gcc/pic32mx/4.8.3/../../../../pic32mx/lib\libm.a(s_lib_ver.o)
 .mdebug.abi32  0xa0000760        0x0 c:/program files (x86)/microchip/xc32/v1.42/bin/bin/../../lib/gcc/pic32mx/4.8.3/../../../../pic32mx/lib\liblega-c.a(errno.o)
 .mdebug.abi32  0xa0000760        0x0 c:/program files (x86)/microchip/xc32/v1.42/bin/bin/../../lib/gcc/pic32mx/4.8.3/../../../../pic32mx/lib\liblega-c.a(isinf.o)
 .mdebug.abi32  0xa0000760        0x0 c:/program files (x86)/microchip/xc32/v1.42/bin/bin/../../lib/gcc/pic32mx/4.8.3/../../../../pic32mx/lib\libe.a(_unorddf2.o)

.mdebug.abiN32
 *(.mdebug.abiN32)

.mdebug.abi64
 *(.mdebug.abi64)

.mdebug.abiO64
 *(.mdebug.abiO64)

.mdebug.eabi32
 *(.mdebug.eabi32)

.mdebug.eabi64
 *(.mdebug.eabi64)

.gcc_compiled_long32
 *(.gcc_compiled_long32)

.gcc_compiled_long64
 *(.gcc_compiled_long64)

.stab
 *(.stab)

.stabstr
 *(.stabstr)

.stab.excl
 *(.stab.excl)

.stab.exclstr
 *(.stab.exclstr)

.stab.index
 *(.stab.index)

.stab.indexstr
 *(.stab.indexstr)

.comment        0x00000000      0x144
 *(.comment)
 .comment       0x00000000       0x3c build/default/production/_ext/1047219354/drv_oc_static.o
                                 0x3d (size before relaxing)
 .comment       0x00000000       0x3d build/default/production/_ext/1407244131/drv_tmr_static.o
 .comment       0x00000000       0x3d build/default/production/_ext/639803181/sys_clk_static.o
 .comment       0x00000000       0x3d build/default/production/_ext/822048611/sys_ports_static.o
 .comment       0x00000000       0x3d build/default/production/_ext/1688732426/system_init.o
 .comment       0x00000000       0x3d build/default/production/_ext/1688732426/system_interrupt.o
 .comment       0x00000000       0x3d build/default/production/_ext/1688732426/system_exceptions.o
 .comment       0x00000000       0x3d build/default/production/_ext/1688732426/system_tasks.o
 .comment       0x00000000       0x3d build/default/production/_ext/1688732426/rtos_hooks.o
 .comment       0x00000000       0x3d build/default/production/_ext/1360937237/control.o
 .comment       0x00000000       0x3d build/default/production/_ext/1360937237/communication.o
 .comment       0x00000000       0x3d build/default/production/_ext/1360937237/main.o
 .comment       0x00000000       0x3d build/default/production/_ext/1360937237/debug.o
 .comment       0x00000000       0x3d build/default/production/_ext/1360937237/ahrs.o
 .comment       0x00000000       0x3d build/default/production/_ext/1360937237/i2c.o
 .comment       0x00000000       0x3d build/default/production/_ext/280795049/drv_i2c.o
 .comment       0x00000000       0x3d build/default/production/_ext/260586732/drv_usart.o
 .comment       0x00000000       0x3d build/default/production/_ext/260586732/drv_usart_buffer_queue.o
 .comment       0x00000000       0x3d build/default/production/_ext/24337685/osal_freertos.o
 .comment       0x00000000       0x3d build/default/production/_ext/1271179505/sys_devcon.o
 .comment       0x00000000       0x3d build/default/production/_ext/1271179505/sys_devcon_pic32mx.o
 .comment       0x00000000       0x3d build/default/production/_ext/122796885/sys_int_pic32.o
 .comment       0x00000000       0x3d build/default/production/_ext/77319752/sys_ports.o
 .comment       0x00000000       0x3d build/default/production/_ext/1856876499/heap_1.o
 .comment       0x00000000       0x3d build/default/production/_ext/12131622/port.o
 .comment       0x00000000       0x3d build/default/production/_ext/1128951024/croutine.o
 .comment       0x00000000       0x3d build/default/production/_ext/1128951024/list.o
 .comment       0x00000000       0x3d build/default/production/_ext/1128951024/queue.o
 .comment       0x00000000       0x3d build/default/production/_ext/1128951024/tasks.o
 .comment       0x00000000       0x3d build/default/production/_ext/1128951024/timers.o
 .comment       0x00000000       0x3d build/default/production/_ext/1128951024/event_groups.o
 .comment       0x0000003c       0x3c ..\..\..\..\bin\framework\peripheral\PIC32MX795F512L_peripherals.a(peripheral.o)
                                 0x3d (size before relaxing)
 .comment       0x00000000       0x3d c:/program files (x86)/microchip/xc32/v1.42/bin/bin/../../lib/gcc/pic32mx/4.8.3\libgcc.a(floatunsisf.o)
 .comment       0x00000078       0x18 c:/program files (x86)/microchip/xc32/v1.42/bin/bin/../../lib/gcc/pic32mx/4.8.3/../../../../pic32mx/lib\libpic32.a(memcmp.o)
                                 0x19 (size before relaxing)
 .comment       0x00000090       0x18 c:/program files (x86)/microchip/xc32/v1.42/bin/bin/../../lib/gcc/pic32mx/4.8.3/../../../../pic32mx/lib\libpic32.a(memset.o)
                                 0x19 (size before relaxing)
 .comment       0x00000000       0x3d c:/program files (x86)/microchip/xc32/v1.42/bin/bin/../../lib/gcc/pic32mx/4.8.3/../../../../pic32mx/lib\libpic32.a(default-bootstrap-exception-handler.o)
 .comment       0x00000000       0x3d c:/program files (x86)/microchip/xc32/v1.42/bin/bin/../../lib/gcc/pic32mx/4.8.3/../../../../pic32mx/lib\libpic32.a(default-on-reset.o)
 .comment       0x00000000       0x3d c:/program files (x86)/microchip/xc32/v1.42/bin/bin/../../lib/gcc/pic32mx/4.8.3/../../../../pic32mx/lib\libpic32.a(default-on-bootstrap.o)
 .comment       0x00000000       0x3d c:/program files (x86)/microchip/xc32/v1.42/bin/bin/../../lib/gcc/pic32mx/4.8.3/../../../../pic32mx/lib\libpic32.a(defaultinterrupt.o)
 .comment       0x00000000       0x3d c:/program files (x86)/microchip/xc32/v1.42/bin/bin/../../lib/gcc/pic32mx/4.8.3/../../../../pic32mx/lib\libm.a(w_logf.o)
 .comment       0x00000000       0x3d c:/program files (x86)/microchip/xc32/v1.42/bin/bin/../../lib/gcc/pic32mx/4.8.3/../../../../pic32mx/lib\libm.a(s_lib_ver.o)
 .comment       0x000000a8       0x4e c:/program files (x86)/microchip/xc32/v1.42/bin/bin/../../lib/gcc/pic32mx/4.8.3/../../../../pic32mx/lib\liblega-c.a(errno.o)
                                 0x8b (size before relaxing)
 .comment       0x00000000       0x3d c:/program files (x86)/microchip/xc32/v1.42/bin/bin/../../lib/gcc/pic32mx/4.8.3/../../../../pic32mx/lib\liblega-c.a(isinf.o)
 .comment       0x000000f6       0x4e c:/program files (x86)/microchip/xc32/v1.42/bin/bin/../../lib/gcc/pic32mx/4.8.3/../../../../pic32mx/lib\libe.a(_unorddf2.o)
                                 0x8b (size before relaxing)

.debug
 *(.debug)

.line
 *(.line)

.debug_srcinfo
 *(.debug_srcinfo)

.debug_sfnames
 *(.debug_sfnames)

.debug_aranges  0x00000000      0xd50
 *(.debug_aranges)
 .debug_aranges
                0x00000000       0x48 build/default/production/_ext/1047219354/drv_oc_static.o
 .debug_aranges
                0x00000048       0x48 build/default/production/_ext/1407244131/drv_tmr_static.o
 .debug_aranges
                0x00000090       0x38 build/default/production/_ext/639803181/sys_clk_static.o
 .debug_aranges
                0x000000c8       0x20 build/default/production/_ext/822048611/sys_ports_static.o
 .debug_aranges
                0x000000e8       0x20 build/default/production/_ext/1688732426/system_init.o
 .debug_aranges
                0x00000108       0x50 build/default/production/_ext/1688732426/system_interrupt.o
 .debug_aranges
                0x00000158       0x20 build/default/production/_ext/1688732426/system_exceptions.o
 .debug_aranges
                0x00000178       0x48 build/default/production/_ext/1688732426/system_tasks.o
 .debug_aranges
                0x000001c0       0x88 build/default/production/_ext/1688732426/system_interrupt_a.o
 .debug_aranges
                0x00000248       0x28 build/default/production/_ext/1688732426/rtos_hooks.o
 .debug_aranges
                0x00000270       0xb0 build/default/production/_ext/1360937237/control.o
 .debug_aranges
                0x00000320       0x50 build/default/production/_ext/1360937237/communication.o
 .debug_aranges
                0x00000370       0x20 build/default/production/_ext/1360937237/main.o
 .debug_aranges
                0x00000390       0x30 build/default/production/_ext/1360937237/debug.o
 .debug_aranges
                0x000003c0       0x68 build/default/production/_ext/1360937237/ahrs.o
 .debug_aranges
                0x00000428       0x48 build/default/production/_ext/1360937237/i2c.o
 .debug_aranges
                0x00000470       0xb8 build/default/production/_ext/280795049/drv_i2c.o
 .debug_aranges
                0x00000528       0xa8 build/default/production/_ext/260586732/drv_usart.o
 .debug_aranges
                0x000005d0       0x38 build/default/production/_ext/260586732/drv_usart_buffer_queue.o
 .debug_aranges
                0x00000608       0x88 build/default/production/_ext/24337685/osal_freertos.o
 .debug_aranges
                0x00000690       0x78 build/default/production/_ext/1271179505/sys_devcon.o
 .debug_aranges
                0x00000708       0x20 build/default/production/_ext/1271179505/sys_devcon_pic32mx.o
 .debug_aranges
                0x00000728       0x48 build/default/production/_ext/122796885/sys_int_pic32.o
 .debug_aranges
                0x00000770       0xf8 build/default/production/_ext/77319752/sys_ports.o
 .debug_aranges
                0x00000868       0x38 build/default/production/_ext/1856876499/heap_1.o
 .debug_aranges
                0x000008a0       0x58 build/default/production/_ext/12131622/port.o
 .debug_aranges
                0x000008f8       0x20 build/default/production/_ext/12131622/port_asm.o
 .debug_aranges
                0x00000918       0x18 build/default/production/_ext/1128951024/croutine.o
 .debug_aranges
                0x00000930       0x40 build/default/production/_ext/1128951024/list.o
 .debug_aranges
                0x00000970       0xb8 build/default/production/_ext/1128951024/queue.o
 .debug_aranges
                0x00000a28      0x178 build/default/production/_ext/1128951024/tasks.o
 .debug_aranges
                0x00000ba0       0x70 build/default/production/_ext/1128951024/timers.o
 .debug_aranges
                0x00000c10       0x60 build/default/production/_ext/1128951024/event_groups.o
 .debug_aranges
                0x00000c70       0x20 c:/program files (x86)/microchip/xc32/v1.42/bin/bin/../../lib/gcc/pic32mx/4.8.3\libgcc.a(floatunsisf.o)
 .debug_aranges
                0x00000c90       0x20 c:/program files (x86)/microchip/xc32/v1.42/bin/bin/../../lib/gcc/pic32mx/4.8.3/../../../../pic32mx/lib\libpic32.a(default-bootstrap-exception-handler.o)
 .debug_aranges
                0x00000cb0       0x20 c:/program files (x86)/microchip/xc32/v1.42/bin/bin/../../lib/gcc/pic32mx/4.8.3/../../../../pic32mx/lib\libpic32.a(default-on-reset.o)
 .debug_aranges
                0x00000cd0       0x20 c:/program files (x86)/microchip/xc32/v1.42/bin/bin/../../lib/gcc/pic32mx/4.8.3/../../../../pic32mx/lib\libpic32.a(default-on-bootstrap.o)
 .debug_aranges
                0x00000cf0       0x20 c:/program files (x86)/microchip/xc32/v1.42/bin/bin/../../lib/gcc/pic32mx/4.8.3/../../../../pic32mx/lib\libpic32.a(defaultinterrupt.o)
 .debug_aranges
                0x00000d10       0x20 c:/program files (x86)/microchip/xc32/v1.42/bin/bin/../../lib/gcc/pic32mx/4.8.3/../../../../pic32mx/lib\libm.a(w_logf.o)
 .debug_aranges
                0x00000d30       0x20 c:/program files (x86)/microchip/xc32/v1.42/bin/bin/../../lib/gcc/pic32mx/4.8.3/../../../../pic32mx/lib\libe.a(_unorddf2.o)

.debug_pubnames
 *(.debug_pubnames)

.debug_info     0x00000000    0x396bb
 *(.debug_info .gnu.linkonce.wi.*)
 .debug_info    0x00000000      0xf68 build/default/production/_ext/1047219354/drv_oc_static.o
 .debug_info    0x00000f68      0xe03 build/default/production/_ext/1407244131/drv_tmr_static.o
 .debug_info    0x00001d6b     0x1494 build/default/production/_ext/639803181/sys_clk_static.o
 .debug_info    0x000031ff      0xcb8 build/default/production/_ext/822048611/sys_ports_static.o
 .debug_info    0x00003eb7     0x3a17 build/default/production/_ext/1688732426/system_init.o
 .debug_info    0x000078ce     0x2530 build/default/production/_ext/1688732426/system_interrupt.o
 .debug_info    0x00009dfe      0xd71 build/default/production/_ext/1688732426/system_exceptions.o
 .debug_info    0x0000ab6f     0x102b build/default/production/_ext/1688732426/system_tasks.o
 .debug_info    0x0000bb9a       0xaa build/default/production/_ext/1688732426/system_interrupt_a.o
 .debug_info    0x0000bc44      0x260 build/default/production/_ext/1688732426/rtos_hooks.o
 .debug_info    0x0000bea4     0x3c17 build/default/production/_ext/1360937237/control.o
 .debug_info    0x0000fabb     0x2335 build/default/production/_ext/1360937237/communication.o
 .debug_info    0x00011df0      0x1b8 build/default/production/_ext/1360937237/main.o
 .debug_info    0x00011fa8     0x163a build/default/production/_ext/1360937237/debug.o
 .debug_info    0x000135e2     0x293b build/default/production/_ext/1360937237/ahrs.o
 .debug_info    0x00015f1d     0x2c21 build/default/production/_ext/1360937237/i2c.o
 .debug_info    0x00018b3e     0x8bd4 build/default/production/_ext/280795049/drv_i2c.o
 .debug_info    0x00021712     0x62fb build/default/production/_ext/260586732/drv_usart.o
 .debug_info    0x00027a0d     0x2604 build/default/production/_ext/260586732/drv_usart_buffer_queue.o
 .debug_info    0x0002a011      0xa98 build/default/production/_ext/24337685/osal_freertos.o
 .debug_info    0x0002aaa9     0x1076 build/default/production/_ext/1271179505/sys_devcon.o
 .debug_info    0x0002bb1f      0xd4d build/default/production/_ext/1271179505/sys_devcon_pic32mx.o
 .debug_info    0x0002c86c     0x15b4 build/default/production/_ext/122796885/sys_int_pic32.o
 .debug_info    0x0002de20     0x3237 build/default/production/_ext/77319752/sys_ports.o
 .debug_info    0x00031057      0x381 build/default/production/_ext/1856876499/heap_1.o
 .debug_info    0x000313d8     0x11ac build/default/production/_ext/12131622/port.o
 .debug_info    0x00032584       0xcb build/default/production/_ext/12131622/port_asm.o
 .debug_info    0x0003264f      0x17d build/default/production/_ext/1128951024/croutine.o
 .debug_info    0x000327cc      0x46d build/default/production/_ext/1128951024/list.o
 .debug_info    0x00032c39     0x1832 build/default/production/_ext/1128951024/queue.o
 .debug_info    0x0003446b     0x29be build/default/production/_ext/1128951024/tasks.o
 .debug_info    0x00036e29     0x1501 build/default/production/_ext/1128951024/timers.o
 .debug_info    0x0003832a      0xd4f build/default/production/_ext/1128951024/event_groups.o
 .debug_info    0x00039079      0x131 c:/program files (x86)/microchip/xc32/v1.42/bin/bin/../../lib/gcc/pic32mx/4.8.3\libgcc.a(floatunsisf.o)
 .debug_info    0x000391aa       0xf5 c:/program files (x86)/microchip/xc32/v1.42/bin/bin/../../lib/gcc/pic32mx/4.8.3/../../../../pic32mx/lib\libpic32.a(default-bootstrap-exception-handler.o)
 .debug_info    0x0003929f       0xcf c:/program files (x86)/microchip/xc32/v1.42/bin/bin/../../lib/gcc/pic32mx/4.8.3/../../../../pic32mx/lib\libpic32.a(default-on-reset.o)
 .debug_info    0x0003936e       0xd7 c:/program files (x86)/microchip/xc32/v1.42/bin/bin/../../lib/gcc/pic32mx/4.8.3/../../../../pic32mx/lib\libpic32.a(default-on-bootstrap.o)
 .debug_info    0x00039445       0xe9 c:/program files (x86)/microchip/xc32/v1.42/bin/bin/../../lib/gcc/pic32mx/4.8.3/../../../../pic32mx/lib\libpic32.a(defaultinterrupt.o)
 .debug_info    0x0003952e       0xbd c:/program files (x86)/microchip/xc32/v1.42/bin/bin/../../lib/gcc/pic32mx/4.8.3/../../../../pic32mx/lib\libm.a(w_logf.o)
 .debug_info    0x000395eb       0xd0 c:/program files (x86)/microchip/xc32/v1.42/bin/bin/../../lib/gcc/pic32mx/4.8.3/../../../../pic32mx/lib\libe.a(_unorddf2.o)

.debug_abbrev   0x00000000     0x4142
 *(.debug_abbrev)
 .debug_abbrev  0x00000000      0x160 build/default/production/_ext/1047219354/drv_oc_static.o
 .debug_abbrev  0x00000160      0x189 build/default/production/_ext/1407244131/drv_tmr_static.o
 .debug_abbrev  0x000002e9      0x209 build/default/production/_ext/639803181/sys_clk_static.o
 .debug_abbrev  0x000004f2      0x12f build/default/production/_ext/822048611/sys_ports_static.o
 .debug_abbrev  0x00000621      0x316 build/default/production/_ext/1688732426/system_init.o
 .debug_abbrev  0x00000937      0x1c7 build/default/production/_ext/1688732426/system_interrupt.o
 .debug_abbrev  0x00000afe       0xa9 build/default/production/_ext/1688732426/system_exceptions.o
 .debug_abbrev  0x00000ba7      0x149 build/default/production/_ext/1688732426/system_tasks.o
 .debug_abbrev  0x00000cf0       0x12 build/default/production/_ext/1688732426/system_interrupt_a.o
 .debug_abbrev  0x00000d02       0x97 build/default/production/_ext/1688732426/rtos_hooks.o
 .debug_abbrev  0x00000d99      0x3b3 build/default/production/_ext/1360937237/control.o
 .debug_abbrev  0x0000114c      0x1df build/default/production/_ext/1360937237/communication.o
 .debug_abbrev  0x0000132b       0x93 build/default/production/_ext/1360937237/main.o
 .debug_abbrev  0x000013be       0xe5 build/default/production/_ext/1360937237/debug.o
 .debug_abbrev  0x000014a3      0x271 build/default/production/_ext/1360937237/ahrs.o
 .debug_abbrev  0x00001714      0x23b build/default/production/_ext/1360937237/i2c.o
 .debug_abbrev  0x0000194f      0x425 build/default/production/_ext/280795049/drv_i2c.o
 .debug_abbrev  0x00001d74      0x40a build/default/production/_ext/260586732/drv_usart.o
 .debug_abbrev  0x0000217e      0x35c build/default/production/_ext/260586732/drv_usart_buffer_queue.o
 .debug_abbrev  0x000024da      0x1fe build/default/production/_ext/24337685/osal_freertos.o
 .debug_abbrev  0x000026d8      0x26d build/default/production/_ext/1271179505/sys_devcon.o
 .debug_abbrev  0x00002945      0x16d build/default/production/_ext/1271179505/sys_devcon_pic32mx.o
 .debug_abbrev  0x00002ab2      0x1d0 build/default/production/_ext/122796885/sys_int_pic32.o
 .debug_abbrev  0x00002c82      0x219 build/default/production/_ext/77319752/sys_ports.o
 .debug_abbrev  0x00002e9b      0x13f build/default/production/_ext/1856876499/heap_1.o
 .debug_abbrev  0x00002fda      0x2cf build/default/production/_ext/12131622/port.o
 .debug_abbrev  0x000032a9       0x14 build/default/production/_ext/12131622/port_asm.o
 .debug_abbrev  0x000032bd       0x1b build/default/production/_ext/1128951024/croutine.o
 .debug_abbrev  0x000032d8       0xf1 build/default/production/_ext/1128951024/list.o
 .debug_abbrev  0x000033c9      0x2c4 build/default/production/_ext/1128951024/queue.o
 .debug_abbrev  0x0000368d      0x372 build/default/production/_ext/1128951024/tasks.o
 .debug_abbrev  0x000039ff      0x34a build/default/production/_ext/1128951024/timers.o
 .debug_abbrev  0x00003d49      0x29a build/default/production/_ext/1128951024/event_groups.o
 .debug_abbrev  0x00003fe3       0x62 c:/program files (x86)/microchip/xc32/v1.42/bin/bin/../../lib/gcc/pic32mx/4.8.3\libgcc.a(floatunsisf.o)
 .debug_abbrev  0x00004045       0x28 c:/program files (x86)/microchip/xc32/v1.42/bin/bin/../../lib/gcc/pic32mx/4.8.3/../../../../pic32mx/lib\libpic32.a(default-bootstrap-exception-handler.o)
 .debug_abbrev  0x0000406d       0x28 c:/program files (x86)/microchip/xc32/v1.42/bin/bin/../../lib/gcc/pic32mx/4.8.3/../../../../pic32mx/lib\libpic32.a(default-on-reset.o)
 .debug_abbrev  0x00004095       0x28 c:/program files (x86)/microchip/xc32/v1.42/bin/bin/../../lib/gcc/pic32mx/4.8.3/../../../../pic32mx/lib\libpic32.a(default-on-bootstrap.o)
 .debug_abbrev  0x000040bd       0x28 c:/program files (x86)/microchip/xc32/v1.42/bin/bin/../../lib/gcc/pic32mx/4.8.3/../../../../pic32mx/lib\libpic32.a(defaultinterrupt.o)
 .debug_abbrev  0x000040e5       0x28 c:/program files (x86)/microchip/xc32/v1.42/bin/bin/../../lib/gcc/pic32mx/4.8.3/../../../../pic32mx/lib\libm.a(w_logf.o)
 .debug_abbrev  0x0000410d       0x35 c:/program files (x86)/microchip/xc32/v1.42/bin/bin/../../lib/gcc/pic32mx/4.8.3/../../../../pic32mx/lib\libe.a(_unorddf2.o)

.debug_line     0x00000000     0xadda
 *(.debug_line)
 .debug_line    0x00000000      0x3ba build/default/production/_ext/1047219354/drv_oc_static.o
 .debug_line    0x000003ba      0x3a8 build/default/production/_ext/1407244131/drv_tmr_static.o
 .debug_line    0x00000762      0x39f build/default/production/_ext/639803181/sys_clk_static.o
 .debug_line    0x00000b01      0x2f3 build/default/production/_ext/822048611/sys_ports_static.o
 .debug_line    0x00000df4      0x815 build/default/production/_ext/1688732426/system_init.o
 .debug_line    0x00001609      0x454 build/default/production/_ext/1688732426/system_interrupt.o
 .debug_line    0x00001a5d      0x199 build/default/production/_ext/1688732426/system_exceptions.o
 .debug_line    0x00001bf6      0x391 build/default/production/_ext/1688732426/system_tasks.o
 .debug_line    0x00001f87      0x177 build/default/production/_ext/1688732426/system_interrupt_a.o
 .debug_line    0x000020fe      0x154 build/default/production/_ext/1688732426/rtos_hooks.o
 .debug_line    0x00002252      0x96c build/default/production/_ext/1360937237/control.o
 .debug_line    0x00002bbe      0x49a build/default/production/_ext/1360937237/communication.o
 .debug_line    0x00003058       0xc2 build/default/production/_ext/1360937237/main.o
 .debug_line    0x0000311a      0x249 build/default/production/_ext/1360937237/debug.o
 .debug_line    0x00003363      0x591 build/default/production/_ext/1360937237/ahrs.o
 .debug_line    0x000038f4      0x53b build/default/production/_ext/1360937237/i2c.o
 .debug_line    0x00003e2f     0x1f0b build/default/production/_ext/280795049/drv_i2c.o
 .debug_line    0x00005d3a     0x107d build/default/production/_ext/260586732/drv_usart.o
 .debug_line    0x00006db7      0x72a build/default/production/_ext/260586732/drv_usart_buffer_queue.o
 .debug_line    0x000074e1      0x2c9 build/default/production/_ext/24337685/osal_freertos.o
 .debug_line    0x000077aa      0x5f5 build/default/production/_ext/1271179505/sys_devcon.o
 .debug_line    0x00007d9f      0x49d build/default/production/_ext/1271179505/sys_devcon_pic32mx.o
 .debug_line    0x0000823c      0x3ac build/default/production/_ext/122796885/sys_int_pic32.o
 .debug_line    0x000085e8      0x899 build/default/production/_ext/77319752/sys_ports.o
 .debug_line    0x00008e81      0x22d build/default/production/_ext/1856876499/heap_1.o
 .debug_line    0x000090ae      0x24e build/default/production/_ext/12131622/port.o
 .debug_line    0x000092fc      0x102 build/default/production/_ext/12131622/port_asm.o
 .debug_line    0x000093fe       0x1d build/default/production/_ext/1128951024/croutine.o
 .debug_line    0x0000941b      0x1ec build/default/production/_ext/1128951024/list.o
 .debug_line    0x00009607      0x4b9 build/default/production/_ext/1128951024/queue.o
 .debug_line    0x00009ac0      0x807 build/default/production/_ext/1128951024/tasks.o
 .debug_line    0x0000a2c7      0x3a4 build/default/production/_ext/1128951024/timers.o
 .debug_line    0x0000a66b      0x338 build/default/production/_ext/1128951024/event_groups.o
 .debug_line    0x0000a9a3       0x9c c:/program files (x86)/microchip/xc32/v1.42/bin/bin/../../lib/gcc/pic32mx/4.8.3\libgcc.a(floatunsisf.o)
 .debug_line    0x0000aa3f       0xa9 c:/program files (x86)/microchip/xc32/v1.42/bin/bin/../../lib/gcc/pic32mx/4.8.3/../../../../pic32mx/lib\libpic32.a(default-bootstrap-exception-handler.o)
 .debug_line    0x0000aae8       0x96 c:/program files (x86)/microchip/xc32/v1.42/bin/bin/../../lib/gcc/pic32mx/4.8.3/../../../../pic32mx/lib\libpic32.a(default-on-reset.o)
 .debug_line    0x0000ab7e       0x9a c:/program files (x86)/microchip/xc32/v1.42/bin/bin/../../lib/gcc/pic32mx/4.8.3/../../../../pic32mx/lib\libpic32.a(default-on-bootstrap.o)
 .debug_line    0x0000ac18       0xa8 c:/program files (x86)/microchip/xc32/v1.42/bin/bin/../../lib/gcc/pic32mx/4.8.3/../../../../pic32mx/lib\libpic32.a(defaultinterrupt.o)
 .debug_line    0x0000acc0       0x89 c:/program files (x86)/microchip/xc32/v1.42/bin/bin/../../lib/gcc/pic32mx/4.8.3/../../../../pic32mx/lib\libm.a(w_logf.o)
 .debug_line    0x0000ad49        0x0 c:/program files (x86)/microchip/xc32/v1.42/bin/bin/../../lib/gcc/pic32mx/4.8.3/../../../../pic32mx/lib\libm.a(s_lib_ver.o)
 .debug_line    0x0000ad49       0x91 c:/program files (x86)/microchip/xc32/v1.42/bin/bin/../../lib/gcc/pic32mx/4.8.3/../../../../pic32mx/lib\libe.a(_unorddf2.o)

.debug_frame    0x00000000     0x1c48
 *(.debug_frame)
 .debug_frame   0x00000000       0x70 build/default/production/_ext/1047219354/drv_oc_static.o
 .debug_frame   0x00000070       0x70 build/default/production/_ext/1407244131/drv_tmr_static.o
 .debug_frame   0x000000e0       0x58 build/default/production/_ext/639803181/sys_clk_static.o
 .debug_frame   0x00000138       0x20 build/default/production/_ext/822048611/sys_ports_static.o
 .debug_frame   0x00000158       0x30 build/default/production/_ext/1688732426/system_init.o
 .debug_frame   0x00000188       0xb8 build/default/production/_ext/1688732426/system_interrupt.o
 .debug_frame   0x00000240       0x28 build/default/production/_ext/1688732426/system_exceptions.o
 .debug_frame   0x00000268       0xa0 build/default/production/_ext/1688732426/system_tasks.o
 .debug_frame   0x00000308       0x40 build/default/production/_ext/1688732426/rtos_hooks.o
 .debug_frame   0x00000348      0x1cc build/default/production/_ext/1360937237/control.o
 .debug_frame   0x00000514       0xc0 build/default/production/_ext/1360937237/communication.o
 .debug_frame   0x000005d4       0x28 build/default/production/_ext/1360937237/main.o
 .debug_frame   0x000005fc       0x5c build/default/production/_ext/1360937237/debug.o
 .debug_frame   0x00000658      0x108 build/default/production/_ext/1360937237/ahrs.o
 .debug_frame   0x00000760       0xac build/default/production/_ext/1360937237/i2c.o
 .debug_frame   0x0000080c      0x1f4 build/default/production/_ext/280795049/drv_i2c.o
 .debug_frame   0x00000a00      0x1e4 build/default/production/_ext/260586732/drv_usart.o
 .debug_frame   0x00000be4       0x70 build/default/production/_ext/260586732/drv_usart_buffer_queue.o
 .debug_frame   0x00000c54      0x150 build/default/production/_ext/24337685/osal_freertos.o
 .debug_frame   0x00000da4       0xe8 build/default/production/_ext/1271179505/sys_devcon.o
 .debug_frame   0x00000e8c       0x28 build/default/production/_ext/1271179505/sys_devcon_pic32mx.o
 .debug_frame   0x00000eb4       0x90 build/default/production/_ext/122796885/sys_int_pic32.o
 .debug_frame   0x00000f44      0x1d0 build/default/production/_ext/77319752/sys_ports.o
 .debug_frame   0x00001114       0x5c build/default/production/_ext/1856876499/heap_1.o
 .debug_frame   0x00001170       0xc0 build/default/production/_ext/12131622/port.o
 .debug_frame   0x00001230       0x60 build/default/production/_ext/1128951024/list.o
 .debug_frame   0x00001290      0x230 build/default/production/_ext/1128951024/queue.o
 .debug_frame   0x000014c0      0x450 build/default/production/_ext/1128951024/tasks.o
 .debug_frame   0x00001910      0x134 build/default/production/_ext/1128951024/timers.o
 .debug_frame   0x00001a44      0x108 build/default/production/_ext/1128951024/event_groups.o
 .debug_frame   0x00001b4c       0x28 c:/program files (x86)/microchip/xc32/v1.42/bin/bin/../../lib/gcc/pic32mx/4.8.3\libgcc.a(floatunsisf.o)
 .debug_frame   0x00001b74       0x2c c:/program files (x86)/microchip/xc32/v1.42/bin/bin/../../lib/gcc/pic32mx/4.8.3/../../../../pic32mx/lib\libpic32.a(default-bootstrap-exception-handler.o)
 .debug_frame   0x00001ba0       0x20 c:/program files (x86)/microchip/xc32/v1.42/bin/bin/../../lib/gcc/pic32mx/4.8.3/../../../../pic32mx/lib\libpic32.a(default-on-reset.o)
 .debug_frame   0x00001bc0       0x20 c:/program files (x86)/microchip/xc32/v1.42/bin/bin/../../lib/gcc/pic32mx/4.8.3/../../../../pic32mx/lib\libpic32.a(default-on-bootstrap.o)
 .debug_frame   0x00001be0       0x20 c:/program files (x86)/microchip/xc32/v1.42/bin/bin/../../lib/gcc/pic32mx/4.8.3/../../../../pic32mx/lib\libpic32.a(defaultinterrupt.o)
 .debug_frame   0x00001c00       0x28 c:/program files (x86)/microchip/xc32/v1.42/bin/bin/../../lib/gcc/pic32mx/4.8.3/../../../../pic32mx/lib\libm.a(w_logf.o)
 .debug_frame   0x00001c28       0x20 c:/program files (x86)/microchip/xc32/v1.42/bin/bin/../../lib/gcc/pic32mx/4.8.3/../../../../pic32mx/lib\libe.a(_unorddf2.o)

.debug_str      0x00000000      0xa67
 *(.debug_str)
 .debug_str     0x00000000       0x1a build/default/production/_ext/1047219354/drv_oc_static.o
 .debug_str     0x0000001a        0xf build/default/production/_ext/1407244131/drv_tmr_static.o
 .debug_str     0x00000029       0x39 build/default/production/_ext/639803181/sys_clk_static.o
 .debug_str     0x00000062        0xd build/default/production/_ext/822048611/sys_ports_static.o
 .debug_str     0x0000006f       0x36 build/default/production/_ext/1688732426/system_init.o
 .debug_str     0x000000a5        0x8 build/default/production/_ext/1688732426/system_interrupt.o
 .debug_str     0x000000ad        0x0 build/default/production/_ext/1688732426/system_exceptions.o
 .debug_str     0x000000ad        0x0 build/default/production/_ext/1688732426/system_tasks.o
 .debug_str     0x000000ad        0x9 build/default/production/_ext/1688732426/rtos_hooks.o
 .debug_str     0x000000b6       0xa3 build/default/production/_ext/1360937237/control.o
 .debug_str     0x00000159        0x8 build/default/production/_ext/1360937237/communication.o
 .debug_str     0x00000161        0x0 build/default/production/_ext/1360937237/main.o
 .debug_str     0x00000161        0x0 build/default/production/_ext/1360937237/debug.o
 .debug_str     0x00000161       0x3c build/default/production/_ext/1360937237/ahrs.o
 .debug_str     0x0000019d       0x3b build/default/production/_ext/1360937237/i2c.o
 .debug_str     0x000001d8      0x10a build/default/production/_ext/280795049/drv_i2c.o
 .debug_str     0x000002e2      0x167 build/default/production/_ext/260586732/drv_usart.o
 .debug_str     0x00000449       0x74 build/default/production/_ext/260586732/drv_usart_buffer_queue.o
 .debug_str     0x000004bd       0x40 build/default/production/_ext/24337685/osal_freertos.o
 .debug_str     0x000004fd       0x16 build/default/production/_ext/1271179505/sys_devcon.o
 .debug_str     0x00000513        0x6 build/default/production/_ext/1271179505/sys_devcon_pic32mx.o
 .debug_str     0x00000519       0x2d build/default/production/_ext/122796885/sys_int_pic32.o
 .debug_str     0x00000546       0x98 build/default/production/_ext/77319752/sys_ports.o
 .debug_str     0x000005de       0x1d build/default/production/_ext/1856876499/heap_1.o
 .debug_str     0x000005fb       0x37 build/default/production/_ext/12131622/port.o
 .debug_str     0x00000632        0x0 build/default/production/_ext/1128951024/croutine.o
 .debug_str     0x00000632       0x2b build/default/production/_ext/1128951024/list.o
 .debug_str     0x0000065d       0xf1 build/default/production/_ext/1128951024/queue.o
 .debug_str     0x0000074e      0x174 build/default/production/_ext/1128951024/tasks.o
 .debug_str     0x000008c2       0xbf build/default/production/_ext/1128951024/timers.o
 .debug_str     0x00000981       0xe6 build/default/production/_ext/1128951024/event_groups.o
 .debug_str     0x00000a67        0x0 c:/program files (x86)/microchip/xc32/v1.42/bin/bin/../../lib/gcc/pic32mx/4.8.3\libgcc.a(floatunsisf.o)
 .debug_str     0x00000a67        0x0 c:/program files (x86)/microchip/xc32/v1.42/bin/bin/../../lib/gcc/pic32mx/4.8.3/../../../../pic32mx/lib\libpic32.a(default-bootstrap-exception-handler.o)
 .debug_str     0x00000a67        0x0 c:/program files (x86)/microchip/xc32/v1.42/bin/bin/../../lib/gcc/pic32mx/4.8.3/../../../../pic32mx/lib\libpic32.a(default-on-reset.o)
 .debug_str     0x00000a67        0x0 c:/program files (x86)/microchip/xc32/v1.42/bin/bin/../../lib/gcc/pic32mx/4.8.3/../../../../pic32mx/lib\libpic32.a(default-on-bootstrap.o)
 .debug_str     0x00000a67        0x0 c:/program files (x86)/microchip/xc32/v1.42/bin/bin/../../lib/gcc/pic32mx/4.8.3/../../../../pic32mx/lib\libpic32.a(defaultinterrupt.o)
 .debug_str     0x00000a67        0x0 c:/program files (x86)/microchip/xc32/v1.42/bin/bin/../../lib/gcc/pic32mx/4.8.3/../../../../pic32mx/lib\libm.a(w_logf.o)
 .debug_str     0x00000a67        0x0 c:/program files (x86)/microchip/xc32/v1.42/bin/bin/../../lib/gcc/pic32mx/4.8.3/../../../../pic32mx/lib\libm.a(s_lib_ver.o)
 .debug_str     0x00000a67        0x0 c:/program files (x86)/microchip/xc32/v1.42/bin/bin/../../lib/gcc/pic32mx/4.8.3/../../../../pic32mx/lib\libe.a(_unorddf2.o)

.debug_loc      0x00000000     0xf7a5
 *(.debug_loc)
 .debug_loc     0x00000000       0x21 build/default/production/_ext/1407244131/drv_tmr_static.o
 .debug_loc     0x00000021       0x21 build/default/production/_ext/639803181/sys_clk_static.o
 .debug_loc     0x00000042       0x21 build/default/production/_ext/1688732426/system_init.o
 .debug_loc     0x00000063       0x34 build/default/production/_ext/1688732426/rtos_hooks.o
 .debug_loc     0x00000097      0x35c build/default/production/_ext/1360937237/control.o
 .debug_loc     0x000003f3      0x1af build/default/production/_ext/1360937237/communication.o
 .debug_loc     0x000005a2       0x58 build/default/production/_ext/1360937237/debug.o
 .debug_loc     0x000005fa      0x2c1 build/default/production/_ext/1360937237/ahrs.o
 .debug_loc     0x000008bb      0x1f3 build/default/production/_ext/1360937237/i2c.o
 .debug_loc     0x00000aae     0x5776 build/default/production/_ext/280795049/drv_i2c.o
 .debug_loc     0x00006224     0x44c3 build/default/production/_ext/260586732/drv_usart.o
 .debug_loc     0x0000a6e7      0x6a3 build/default/production/_ext/260586732/drv_usart_buffer_queue.o
 .debug_loc     0x0000ad8a      0x42c build/default/production/_ext/24337685/osal_freertos.o
 .debug_loc     0x0000b1b6       0xf0 build/default/production/_ext/1271179505/sys_devcon.o
 .debug_loc     0x0000b2a6       0xe0 build/default/production/_ext/1271179505/sys_devcon_pic32mx.o
 .debug_loc     0x0000b386       0x8d build/default/production/_ext/122796885/sys_int_pic32.o
 .debug_loc     0x0000b413      0xee1 build/default/production/_ext/77319752/sys_ports.o
 .debug_loc     0x0000c2f4       0x49 build/default/production/_ext/1856876499/heap_1.o
 .debug_loc     0x0000c33d       0xea build/default/production/_ext/12131622/port.o
 .debug_loc     0x0000c427       0x31 build/default/production/_ext/1128951024/list.o
 .debug_loc     0x0000c458      0xd35 build/default/production/_ext/1128951024/queue.o
 .debug_loc     0x0000d18d     0x14fa build/default/production/_ext/1128951024/tasks.o
 .debug_loc     0x0000e687      0x7c0 build/default/production/_ext/1128951024/timers.o
 .debug_loc     0x0000ee47      0x8ea build/default/production/_ext/1128951024/event_groups.o
 .debug_loc     0x0000f731       0x74 c:/program files (x86)/microchip/xc32/v1.42/bin/bin/../../lib/gcc/pic32mx/4.8.3\libgcc.a(floatunsisf.o)

.debug_macinfo
 *(.debug_macinfo)

.debug_weaknames
 *(.debug_weaknames)

.debug_funcnames
 *(.debug_funcnames)

.debug_typenames
 *(.debug_typenames)

.debug_varnames
 *(.debug_varnames)

.debug_pubtypes
 *(.debug_pubtypes)

.debug_ranges   0x00000000     0x2420
 *(.debug_ranges)
 .debug_ranges  0x00000000       0x38 build/default/production/_ext/1047219354/drv_oc_static.o
 .debug_ranges  0x00000038       0x38 build/default/production/_ext/1407244131/drv_tmr_static.o
 .debug_ranges  0x00000070       0x28 build/default/production/_ext/639803181/sys_clk_static.o
 .debug_ranges  0x00000098       0x10 build/default/production/_ext/822048611/sys_ports_static.o
 .debug_ranges  0x000000a8       0x10 build/default/production/_ext/1688732426/system_init.o
 .debug_ranges  0x000000b8       0x40 build/default/production/_ext/1688732426/system_interrupt.o
 .debug_ranges  0x000000f8       0x10 build/default/production/_ext/1688732426/system_exceptions.o
 .debug_ranges  0x00000108       0x38 build/default/production/_ext/1688732426/system_tasks.o
 .debug_ranges  0x00000140       0x80 build/default/production/_ext/1688732426/system_interrupt_a.o
 .debug_ranges  0x000001c0       0x18 build/default/production/_ext/1688732426/rtos_hooks.o
 .debug_ranges  0x000001d8       0xa0 build/default/production/_ext/1360937237/control.o
 .debug_ranges  0x00000278       0x40 build/default/production/_ext/1360937237/communication.o
 .debug_ranges  0x000002b8       0x10 build/default/production/_ext/1360937237/main.o
 .debug_ranges  0x000002c8       0x20 build/default/production/_ext/1360937237/debug.o
 .debug_ranges  0x000002e8       0x58 build/default/production/_ext/1360937237/ahrs.o
 .debug_ranges  0x00000340       0x38 build/default/production/_ext/1360937237/i2c.o
 .debug_ranges  0x00000378      0xfc8 build/default/production/_ext/280795049/drv_i2c.o
 .debug_ranges  0x00001340      0x980 build/default/production/_ext/260586732/drv_usart.o
 .debug_ranges  0x00001cc0       0x60 build/default/production/_ext/260586732/drv_usart_buffer_queue.o
 .debug_ranges  0x00001d20       0x78 build/default/production/_ext/24337685/osal_freertos.o
 .debug_ranges  0x00001d98       0x68 build/default/production/_ext/1271179505/sys_devcon.o
 .debug_ranges  0x00001e00       0x10 build/default/production/_ext/1271179505/sys_devcon_pic32mx.o
 .debug_ranges  0x00001e10       0x50 build/default/production/_ext/122796885/sys_int_pic32.o
 .debug_ranges  0x00001e60       0xe8 build/default/production/_ext/77319752/sys_ports.o
 .debug_ranges  0x00001f48       0x28 build/default/production/_ext/1856876499/heap_1.o
 .debug_ranges  0x00001f70       0x48 build/default/production/_ext/12131622/port.o
 .debug_ranges  0x00001fb8       0x30 build/default/production/_ext/1128951024/list.o
 .debug_ranges  0x00001fe8       0xa8 build/default/production/_ext/1128951024/queue.o
 .debug_ranges  0x00002090      0x1b0 build/default/production/_ext/1128951024/tasks.o
 .debug_ranges  0x00002240       0xe8 build/default/production/_ext/1128951024/timers.o
 .debug_ranges  0x00002328       0x98 build/default/production/_ext/1128951024/event_groups.o
 .debug_ranges  0x000023c0       0x10 c:/program files (x86)/microchip/xc32/v1.42/bin/bin/../../lib/gcc/pic32mx/4.8.3/../../../../pic32mx/lib\libpic32.a(default-bootstrap-exception-handler.o)
 .debug_ranges  0x000023d0       0x10 c:/program files (x86)/microchip/xc32/v1.42/bin/bin/../../lib/gcc/pic32mx/4.8.3/../../../../pic32mx/lib\libpic32.a(default-on-reset.o)
 .debug_ranges  0x000023e0       0x10 c:/program files (x86)/microchip/xc32/v1.42/bin/bin/../../lib/gcc/pic32mx/4.8.3/../../../../pic32mx/lib\libpic32.a(default-on-bootstrap.o)
 .debug_ranges  0x000023f0       0x10 c:/program files (x86)/microchip/xc32/v1.42/bin/bin/../../lib/gcc/pic32mx/4.8.3/../../../../pic32mx/lib\libpic32.a(defaultinterrupt.o)
 .debug_ranges  0x00002400       0x10 c:/program files (x86)/microchip/xc32/v1.42/bin/bin/../../lib/gcc/pic32mx/4.8.3/../../../../pic32mx/lib\libm.a(w_logf.o)
 .debug_ranges  0x00002410       0x10 c:/program files (x86)/microchip/xc32/v1.42/bin/bin/../../lib/gcc/pic32mx/4.8.3/../../../../pic32mx/lib\libe.a(_unorddf2.o)

.gnu.attributes
                0x00000000       0x10
 *(.gnu.attributes)
 .gnu.attributes
                0x00000000       0x10 build/default/production/_ext/1047219354/drv_oc_static.o
 .gnu.attributes
                0x00000010       0x10 build/default/production/_ext/1407244131/drv_tmr_static.o
 .gnu.attributes
                0x00000020       0x10 build/default/production/_ext/639803181/sys_clk_static.o
 .gnu.attributes
                0x00000030       0x10 build/default/production/_ext/822048611/sys_ports_static.o
 .gnu.attributes
                0x00000040       0x10 build/default/production/_ext/1688732426/system_init.o
 .gnu.attributes
                0x00000050       0x10 build/default/production/_ext/1688732426/system_interrupt.o
 .gnu.attributes
                0x00000060       0x10 build/default/production/_ext/1688732426/system_exceptions.o
 .gnu.attributes
                0x00000070       0x10 build/default/production/_ext/1688732426/system_tasks.o
 .gnu.attributes
                0x00000080       0x10 build/default/production/_ext/1688732426/rtos_hooks.o
 .gnu.attributes
                0x00000090       0x10 build/default/production/_ext/1360937237/control.o
 .gnu.attributes
                0x000000a0       0x10 build/default/production/_ext/1360937237/communication.o
 .gnu.attributes
                0x000000b0       0x10 build/default/production/_ext/1360937237/main.o
 .gnu.attributes
                0x000000c0       0x10 build/default/production/_ext/1360937237/debug.o
 .gnu.attributes
                0x000000d0       0x10 build/default/production/_ext/1360937237/ahrs.o
 .gnu.attributes
                0x000000e0       0x10 build/default/production/_ext/1360937237/i2c.o
 .gnu.attributes
                0x000000f0       0x10 build/default/production/_ext/280795049/drv_i2c.o
 .gnu.attributes
                0x00000100       0x10 build/default/production/_ext/260586732/drv_usart.o
 .gnu.attributes
                0x00000110       0x10 build/default/production/_ext/260586732/drv_usart_buffer_queue.o
 .gnu.attributes
                0x00000120       0x10 build/default/production/_ext/24337685/osal_freertos.o
 .gnu.attributes
                0x00000130       0x10 build/default/production/_ext/1271179505/sys_devcon.o
 .gnu.attributes
                0x00000140       0x10 build/default/production/_ext/1271179505/sys_devcon_pic32mx.o
 .gnu.attributes
                0x00000150       0x10 build/default/production/_ext/122796885/sys_int_pic32.o
 .gnu.attributes
                0x00000160       0x10 build/default/production/_ext/77319752/sys_ports.o
 .gnu.attributes
                0x00000170       0x10 build/default/production/_ext/1856876499/heap_1.o
 .gnu.attributes
                0x00000180       0x10 build/default/production/_ext/12131622/port.o
 .gnu.attributes
                0x00000190       0x10 build/default/production/_ext/1128951024/croutine.o
 .gnu.attributes
                0x000001a0       0x10 build/default/production/_ext/1128951024/list.o
 .gnu.attributes
                0x000001b0       0x10 build/default/production/_ext/1128951024/queue.o
 .gnu.attributes
                0x000001c0       0x10 build/default/production/_ext/1128951024/tasks.o
 .gnu.attributes
                0x000001d0       0x10 build/default/production/_ext/1128951024/timers.o
 .gnu.attributes
                0x000001e0       0x10 build/default/production/_ext/1128951024/event_groups.o
 .gnu.attributes
                0x000001f0       0x10 ..\..\..\..\bin\framework\peripheral\PIC32MX795F512L_peripherals.a(peripheral.o)
 .gnu.attributes
                0x00000200       0x10 c:/program files (x86)/microchip/xc32/v1.42/bin/bin/../../lib/gcc/pic32mx/4.8.3\libgcc.a(floatunsisf.o)
 .gnu.attributes
                0x00000210       0x10 c:/program files (x86)/microchip/xc32/v1.42/bin/bin/../../lib/gcc/pic32mx/4.8.3/../../../../pic32mx/lib\libpic32.a(default-bootstrap-exception-handler.o)
 .gnu.attributes
                0x00000220       0x10 c:/program files (x86)/microchip/xc32/v1.42/bin/bin/../../lib/gcc/pic32mx/4.8.3/../../../../pic32mx/lib\libpic32.a(default-on-reset.o)
 .gnu.attributes
                0x00000230       0x10 c:/program files (x86)/microchip/xc32/v1.42/bin/bin/../../lib/gcc/pic32mx/4.8.3/../../../../pic32mx/lib\libpic32.a(default-on-bootstrap.o)
 .gnu.attributes
                0x00000240       0x10 c:/program files (x86)/microchip/xc32/v1.42/bin/bin/../../lib/gcc/pic32mx/4.8.3/../../../../pic32mx/lib\libpic32.a(defaultinterrupt.o)
 .gnu.attributes
                0x00000250       0x10 c:/program files (x86)/microchip/xc32/v1.42/bin/bin/../../lib/gcc/pic32mx/4.8.3/../../../../pic32mx/lib\libm.a(w_logf.o)
 .gnu.attributes
                0x00000260       0x10 c:/program files (x86)/microchip/xc32/v1.42/bin/bin/../../lib/gcc/pic32mx/4.8.3/../../../../pic32mx/lib\libm.a(s_lib_ver.o)
 .gnu.attributes
                0x00000270       0x10 c:/program files (x86)/microchip/xc32/v1.42/bin/bin/../../lib/gcc/pic32mx/4.8.3/../../../../pic32mx/lib\liblega-c.a(errno.o)
 .gnu.attributes
                0x00000280       0x10 c:/program files (x86)/microchip/xc32/v1.42/bin/bin/../../lib/gcc/pic32mx/4.8.3/../../../../pic32mx/lib\liblega-c.a(isinf.o)
 .gnu.attributes
                0x00000290       0x10 c:/program files (x86)/microchip/xc32/v1.42/bin/bin/../../lib/gcc/pic32mx/4.8.3/../../../../pic32mx/lib\libe.a(_unorddf2.o)
LOAD c:/program files (x86)/microchip/xc32/v1.42/bin/bin/../../lib/gcc/pic32mx/4.8.3\libgcc.a
START GROUP
LOAD c:/program files (x86)/microchip/xc32/v1.42/bin/bin/../../lib/gcc/pic32mx/4.8.3/../../../../pic32mx/lib\libpic32.a
LOAD c:/program files (x86)/microchip/xc32/v1.42/bin/bin/../../lib/gcc/pic32mx/4.8.3/../../../../pic32mx/lib\libdebug.a
LOAD c:/program files (x86)/microchip/xc32/v1.42/bin/bin/../../lib/gcc/pic32mx/4.8.3/../../../../pic32mx/lib\libpic32.a
LOAD c:/program files (x86)/microchip/xc32/v1.42/bin/bin/../../lib/gcc/pic32mx/4.8.3/../../../../pic32mx/lib\libm.a
LOAD c:/program files (x86)/microchip/xc32/v1.42/bin/bin/../../lib/gcc/pic32mx/4.8.3/../../../../pic32mx/lib\libe.a
LOAD c:/program files (x86)/microchip/xc32/v1.42/bin/bin/../../lib/gcc/pic32mx/4.8.3/../../../../pic32mx/lib\libdsp.a
LOAD c:/program files (x86)/microchip/xc32/v1.42/bin/bin/../../lib/gcc/pic32mx/4.8.3\libgcc.a
LOAD c:/program files (x86)/microchip/xc32/v1.42/bin/bin/../../lib/gcc/pic32mx/4.8.3/../../../../pic32mx/lib\liblega-c.a
LOAD c:/program files (x86)/microchip/xc32/v1.42/bin/bin/../../lib/gcc/pic32mx/4.8.3/../../../../pic32mx/lib\libpic32.a
END GROUP
LOAD c:/program files (x86)/microchip/xc32/v1.42/bin/bin/../../lib/gcc/pic32mx/4.8.3\libgcc.a
OUTPUT(dist/default/production/hyperloop_testing.X.production.elf elf32-tradlittlemips)
LOAD stack
LOAD data_init

.reginfo        0x00000000       0x18
 .reginfo       0x00000000       0x18 c:/program files (x86)/microchip/xc32/v1.42/bin/bin/../../lib/gcc/pic32mx/4.8.3/../../../../pic32mx/lib/./proc/32MX795F512L/crt0_mips32r2.o

.stack          0xa000b190      0x400
 .stack         0xa000b190      0x400 stack

.bss            0xa0000760     0xa958
 .bss           0xa0000760     0xa000 build/default/production/_ext/1856876499/heap_1.o
 .bss           0xa000a760      0x640 build/default/production/_ext/12131622/port.o
                0xa000a760                xISRStack
 .bss           0xa000ada0      0x250 build/default/production/_ext/280795049/drv_i2c.o
 .bss           0xa000aff0       0xc8 build/default/production/_ext/1128951024/tasks.o

.data           0xa000b0b8       0x8c
 .data          0xa000b0b8       0x8c c:/program files (x86)/microchip/xc32/v1.42/bin/bin/../../lib/gcc/pic32mx/4.8.3/../../../../pic32mx/lib\libm.a(fpexlog.o)

.bss            0xa000b144       0x28
 .bss           0xa000b144       0x28 build/default/production/_ext/1128951024/timers.o

.data.math_errhandling_flag
                0xa000b16c        0x4
 .data.math_errhandling_flag
                0xa000b16c        0x4 c:/program files (x86)/microchip/xc32/v1.42/bin/bin/../../lib/gcc/pic32mx/4.8.3/../../../../pic32mx/lib\libm.a(s_lib_ver.o)
                0xa000b16c                math_errhandling

._debug_exception
                0xbfc00480       0x2c
 ._debug_exception
                0xbfc00480       0x2c c:/program files (x86)/microchip/xc32/v1.42/bin/bin/../../lib/gcc/pic32mx/4.8.3/../../../../pic32mx/lib\debug-exception-return.o
                0xbfc00480                __DbgExecReturn

.text.DRV_I2C_Tasks
                0x9d000000     0x23fc
 .text.DRV_I2C_Tasks
                0x9d000000     0x23fc build/default/production/_ext/280795049/drv_i2c.o
                0x9d000000                DRV_I2C_Tasks

.text.DRV_I2C_Initialize
                0x9d0023fc      0xdcc
 .text.DRV_I2C_Initialize
                0x9d0023fc      0xdcc build/default/production/_ext/280795049/drv_i2c.o
                0x9d0023fc                DRV_I2C_Initialize

.text.CONTROL_Tasks
                0x9d0031c8      0xc54
 .text.CONTROL_Tasks
                0x9d0031c8      0xc54 build/default/production/_ext/1360937237/control.o
                0x9d0031c8                CONTROL_Tasks

.text.I2C_Tasks
                0x9d003e1c      0xae0
 .text.I2C_Tasks
                0x9d003e1c      0xae0 build/default/production/_ext/1360937237/i2c.o
                0x9d003e1c                I2C_Tasks

.text._DRV_USART_HardwareSetup
                0x9d0048fc      0xa78
 .text._DRV_USART_HardwareSetup
                0x9d0048fc      0xa78 build/default/production/_ext/260586732/drv_usart.o
                0x9d0048fc                _DRV_USART_HardwareSetup

.text.AHRS_Tasks
                0x9d005374      0x694
 .text.AHRS_Tasks
                0x9d005374      0x694 build/default/production/_ext/1360937237/ahrs.o
                0x9d005374                AHRS_Tasks

.text.ReceiveI2cData
                0x9d005a08      0x4d0
 .text.ReceiveI2cData
                0x9d005a08      0x4d0 build/default/production/_ext/1360937237/control.o
                0x9d005a08                ReceiveI2cData

.text           0x9d005ed8      0x454
 .text          0x9d005ed8      0x454 build/default/production/_ext/12131622/port_asm.o
                0x9d005ed8                vPortTickInterruptHandler
                0x9d006084                vPortStartFirstTask
                0x9d00614c                vPortYieldISR

.text.DRV_USART_Initialize
                0x9d00632c      0x39c
 .text.DRV_USART_Initialize
                0x9d00632c      0x39c build/default/production/_ext/260586732/drv_usart.o
                0x9d00632c                DRV_USART_Initialize

.text.DRV_USART_BufferAddWrite
                0x9d0066c8      0x348
 .text.DRV_USART_BufferAddWrite
                0x9d0066c8      0x348 build/default/production/_ext/260586732/drv_usart_buffer_queue.o
                0x9d0066c8                DRV_USART_BufferAddWrite

.text.ReadSensorData
                0x9d006a10      0x32c
 .text.ReadSensorData
                0x9d006a10      0x32c build/default/production/_ext/1360937237/i2c.o
                0x9d006a10                ReadSensorData

.text.DRV_I2C_BufferAddRead
                0x9d006d3c      0x310
 .text.DRV_I2C_BufferAddRead
                0x9d006d3c      0x310 build/default/production/_ext/280795049/drv_i2c.o
                0x9d006d3c                DRV_I2C_BufferAddRead

.text.DRV_I2C_BufferAddWrite
                0x9d00704c      0x304
 .text.DRV_I2C_BufferAddWrite
                0x9d00704c      0x304 build/default/production/_ext/280795049/drv_i2c.o
                0x9d00704c                DRV_I2C_BufferAddWrite

.text.xTaskGenericCreate
                0x9d007350      0x2e0
 .text.xTaskGenericCreate
                0x9d007350      0x2e0 build/default/production/_ext/1128951024/tasks.o